Component: Arm Compiler for Embedded 6.22 Tool: armlink [5ee90200]

==============================================================================

Section Cross References

    principal.o(.text.main) refers to clock_f103.o(.text.Clock_F103_ConfMainClk64MHz) for Clock_F103_ConfMainClk64MHz
    principal.o(.text.main) refers to timemanagement.o(.text.Time_Init) for Time_Init
    principal.o(.text.main) refers to toolbox_nrj_uc_interface.o(.text.Conf_Generale_IO_Carte) for Conf_Generale_IO_Carte
    principal.o(.text.main) refers to lcd_balance.o(.text.lcd_Init) for lcd_Init
    principal.o(.text.main) refers to timemanagement.o(.text.Time_Delay_x_ms) for Time_Delay_x_ms
    principal.o(.text.main) refers to lcd_balance.o(.text.lcd_Clear) for lcd_Clear
    principal.o(.text.main) refers to principal.o(.text.LCD_ClearTopLine) for LCD_ClearTopLine
    principal.o(.text.main) refers to principal.o(.text.LCD_ClearDownLine) for LCD_ClearDownLine
    principal.o(.text.main) refers to lcd_balance.o(.text.lcd_Set_cursor) for lcd_Set_cursor
    principal.o(.text.main) refers to principal.o(.rodata.str1.1) for .L.str
    principal.o(.text.main) refers to lcd_balance.o(.text.lcd_Print) for lcd_Print
    principal.o(.text.main) refers to toolbox_nrj_uc_interface.o(.text.Triangle) for Triangle
    principal.o(.text.main) refers to toolbox_nrj_uc_interface.o(.text.Active_Voie_PWM) for Active_Voie_PWM
    principal.o(.text.main) refers to toolbox_nrj_uc_interface.o(.text.Inv_Voie) for Inv_Voie
    principal.o(.text.main) refers to toolbox_nrj_uc_interface.o(.text.R_Cyc_1) for R_Cyc_1
    principal.o(.text.main) refers to toolbox_nrj_uc_interface.o(.text.R_Cyc_2) for R_Cyc_2
    principal.o(.text.main) refers to toolbox_nrj_uc_interface.o(.text.Conf_ADC) for Conf_ADC
    principal.o(.text.main) refers to principal.o(.text.IT_Principale) for IT_Principale
    principal.o(.text.main) refers to toolbox_nrj_uc_interface.o(.text.Conf_IT_Principale_TIM) for Conf_IT_Principale_TIM
    principal.o(.ARM.exidx.text.main) refers to principal.o(.text.main) for [Anonymous Symbol]
    principal.o(.text.LCD_ClearTopLine) refers to lcd_balance.o(.text.lcd_Set_cursor) for lcd_Set_cursor
    principal.o(.text.LCD_ClearTopLine) refers to principal.o(.rodata.str1.1) for .L.str.2
    principal.o(.text.LCD_ClearTopLine) refers to lcd_balance.o(.text.lcd_Print) for lcd_Print
    principal.o(.ARM.exidx.text.LCD_ClearTopLine) refers to principal.o(.text.LCD_ClearTopLine) for [Anonymous Symbol]
    principal.o(.text.LCD_ClearDownLine) refers to lcd_balance.o(.text.lcd_Set_cursor) for lcd_Set_cursor
    principal.o(.text.LCD_ClearDownLine) refers to principal.o(.rodata.str1.1) for .L.str.2
    principal.o(.text.LCD_ClearDownLine) refers to lcd_balance.o(.text.lcd_Print) for lcd_Print
    principal.o(.ARM.exidx.text.LCD_ClearDownLine) refers to principal.o(.text.LCD_ClearDownLine) for [Anonymous Symbol]
    principal.o(.text.IT_Principale) refers to toolbox_nrj_uc_interface.o(.text.Read_Cons) for Read_Cons
    principal.o(.text.IT_Principale) refers to principal.o(.bss.ucons) for ucons
    principal.o(.text.IT_Principale) refers to toolbox_nrj_uc_interface.o(.text.Read_I) for Read_I
    principal.o(.text.IT_Principale) refers to principal.o(.bss.ui) for ui
    principal.o(.text.IT_Principale) refers to toolbox_nrj_uc_interface.o(.text.Read_Ref) for Read_Ref
    principal.o(.text.IT_Principale) refers to principal.o(.bss.uref) for uref
    principal.o(.text.IT_Principale) refers to principal.o(.bss.compt) for compt
    principal.o(.text.IT_Principale) refers to principal.o(.data.compt_max) for compt_max
    principal.o(.text.IT_Principale) refers to dflti.o(.text) for __aeabi_i2d
    principal.o(.text.IT_Principale) refers to dmul.o(.text) for __aeabi_dmul
    principal.o(.text.IT_Principale) refers to dadd.o(.text) for __aeabi_dadd
    principal.o(.text.IT_Principale) refers to d2f.o(.text) for __aeabi_d2f
    principal.o(.text.IT_Principale) refers to principal.o(.bss.cons) for cons
    principal.o(.text.IT_Principale) refers to principal.o(.bss.i) for i
    principal.o(.text.IT_Principale) refers to principal.o(.bss.erreur_act) for erreur_act
    principal.o(.text.IT_Principale) refers to principal.o(.bss.erreur_mem) for erreur_mem
    principal.o(.text.IT_Principale) refers to fadd.o(.text) for __aeabi_fsub
    principal.o(.text.IT_Principale) refers to principal.o(.bss.sigma_act) for sigma_act
    principal.o(.text.IT_Principale) refers to principal.o(.bss.sigma_mem) for sigma_mem
    principal.o(.text.IT_Principale) refers to f2d.o(.text) for __aeabi_f2d
    principal.o(.text.IT_Principale) refers to ddiv.o(.text) for __aeabi_ddiv
    principal.o(.text.IT_Principale) refers to dcmple.o(.text) for __aeabi_dcmple
    principal.o(.text.IT_Principale) refers to dcmpge.o(.text) for __aeabi_dcmpge
    principal.o(.text.IT_Principale) refers to fmul.o(.text) for __aeabi_fmul
[...]
    gpio.o(.ARM.exidx.text.GPIO_Configure) refers to gpio.o(.text.GPIO_Configure) for [Anonymous Symbol]
    timer_1234.o(.text.Timer_1234_Init) refers to clock_f103.o(.text.Clock_F103_getTimerCLK) for Clock_F103_getTimerCLK
    timer_1234.o(.text.Timer_1234_Init) refers to ffltui.o(.text) for __aeabi_ui2f
    timer_1234.o(.text.Timer_1234_Init) refers to fmul.o(.text) for __aeabi_fmul
    timer_1234.o(.text.Timer_1234_Init) refers to f2d.o(.text) for __aeabi_f2d
    timer_1234.o(.text.Timer_1234_Init) refers to ddiv.o(.text) for __aeabi_ddiv
    timer_1234.o(.text.Timer_1234_Init) refers to d2f.o(.text) for __aeabi_d2f
    timer_1234.o(.text.Timer_1234_Init) refers to ffixi.o(.text) for __aeabi_f2iz
    timer_1234.o(.text.Timer_1234_Init) refers to fdiv.o(.text) for __aeabi_fdiv
    timer_1234.o(.text.Timer_1234_Init) refers to dadd.o(.text) for __aeabi_dadd
    timer_1234.o(.text.Timer_1234_Init) refers to dmul.o(.text) for __aeabi_dmul
    timer_1234.o(.text.Timer_1234_Init) refers to dfltui.o(.text) for __aeabi_ui2d
    timer_1234.o(.ARM.exidx.text.Timer_1234_Init) refers to timer_1234.o(.text.Timer_1234_Init) for [Anonymous Symbol]
    timer_1234.o(.text.Active_IT_Debordement_Timer) refers to timer_1234.o(.bss.Ptr_TIM1) for Ptr_TIM1
    timer_1234.o(.text.Active_IT_Debordement_Timer) refers to timer_1234.o(.bss.Ptr_TIM2) for Ptr_TIM2
    timer_1234.o(.text.Active_IT_Debordement_Timer) refers to timer_1234.o(.bss.Ptr_TIM3) for Ptr_TIM3
    timer_1234.o(.text.Active_IT_Debordement_Timer) refers to timer_1234.o(.bss.Ptr_TIM4) for Ptr_TIM4
    timer_1234.o(.ARM.exidx.text.Active_IT_Debordement_Timer) refers to timer_1234.o(.text.Active_IT_Debordement_Timer) for [Anonymous Symbol]
    timer_1234.o(.text.Active_IT_Compare_Timer) refers to timer_1234.o(.bss.Ptr_TIM1_Voie1) for Ptr_TIM1_Voie1
    timer_1234.o(.text.Active_IT_Compare_Timer) refers to timer_1234.o(.bss.Enable_Fct_IT_Compare_Match_TIM1_Voie1) for Enable_Fct_IT_Compare_Match_TIM1_Voie1
    timer_1234.o(.text.Active_IT_Compare_Timer) refers to timer_1234.o(.bss.Ptr_TIM1_Voie2) for Ptr_TIM1_Voie2
    timer_1234.o(.text.Active_IT_Compare_Timer) refers to timer_1234.o(.bss.Enable_Fct_IT_Compare_Match_TIM1_Voie2) for Enable_Fct_IT_Compare_Match_TIM1_Voie2
    timer_1234.o(.text.Active_IT_Compare_Timer) refers to timer_1234.o(.bss.Ptr_TIM1_Voie3) for Ptr_TIM1_Voie3
    timer_1234.o(.text.Active_IT_Compare_Timer) refers to timer_1234.o(.bss.Enable_Fct_IT_Compare_Match_TIM1_Voie3) for Enable_Fct_IT_Compare_Match_TIM1_Voie3
    timer_1234.o(.text.Active_IT_Compare_Timer) refers to timer_1234.o(.bss.Ptr_TIM1_Voie4) for Ptr_TIM1_Voie4
    timer_1234.o(.text.Active_IT_Compare_Timer) refers to timer_1234.o(.bss.Enable_Fct_IT_Compare_Match_TIM1_Voie4) for Enable_Fct_IT_Compare_Match_TIM1_Voie4
    timer_1234.o(.text.Active_IT_Compare_Timer) refers to timer_1234.o(.bss.Ptr_TIM2_Voie1) for Ptr_TIM2_Voie1
    timer_1234.o(.text.Active_IT_Compare_Timer) refers to timer_1234.o(.bss.Enable_Fct_IT_Compare_Match_TIM2_Voie1) for Enable_Fct_IT_Compare_Match_TIM2_Voie1
    timer_1234.o(.text.Active_IT_Compare_Timer) refers to timer_1234.o(.bss.Ptr_TIM2_Voie2) for Ptr_TIM2_Voie2
    timer_1234.o(.text.Active_IT_Compare_Timer) refers to timer_1234.o(.bss.Enable_Fct_IT_Compare_Match_TIM2_Voie2) for Enable_Fct_IT_Compare_Match_TIM2_Voie2
    timer_1234.o(.text.Active_IT_Compare_Timer) refers to timer_1234.o(.bss.Ptr_TIM2_Voie3) for Ptr_TIM2_Voie3
    timer_1234.o(.text.Active_IT_Compare_Timer) refers to timer_1234.o(.bss.Enable_Fct_IT_Compare_Match_TIM2_Voie3) for Enable_Fct_IT_Compare_Match_TIM2_Voie3
    timer_1234.o(.text.Active_IT_Compare_Timer) refers to timer_1234.o(.bss.Ptr_TIM2_Voie4) for Ptr_TIM2_Voie4
    timer_1234.o(.text.Active_IT_Compare_Timer) refers to timer_1234.o(.bss.Enable_Fct_IT_Compare_Match_TIM2_Voie4) for Enable_Fct_IT_Compare_Match_TIM2_Voie4
    timer_1234.o(.text.Active_IT_Compare_Timer) refers to timer_1234.o(.bss.Ptr_TIM3_Voie1) for Ptr_TIM3_Voie1
    timer_1234.o(.text.Active_IT_Compare_Timer) refers to timer_1234.o(.bss.Enable_Fct_IT_Compare_Match_TIM3_Voie1) for Enable_Fct_IT_Compare_Match_TIM3_Voie1
    timer_1234.o(.text.Active_IT_Compare_Timer) refers to timer_1234.o(.bss.Ptr_TIM3_Voie2) for Ptr_TIM3_Voie2
    timer_1234.o(.text.Active_IT_Compare_Timer) refers to timer_1234.o(.bss.Enable_Fct_IT_Compare_Match_TIM3_Voie2) for Enable_Fct_IT_Compare_Match_TIM3_Voie2
    timer_1234.o(.text.Active_IT_Compare_Timer) refers to timer_1234.o(.bss.Ptr_TIM3_Voie3) for Ptr_TIM3_Voie3
    timer_1234.o(.text.Active_IT_Compare_Timer) refers to timer_1234.o(.bss.Enable_Fct_IT_Compare_Match_TIM3_Voie3) for Enable_Fct_IT_Compare_Match_TIM3_Voie3
    timer_1234.o(.text.Active_IT_Compare_Timer) refers to timer_1234.o(.bss.Ptr_TIM3_Voie4) for Ptr_TIM3_Voie4
    timer_1234.o(.text.Active_IT_Compare_Timer) refers to timer_1234.o(.bss.Enable_Fct_IT_Compare_Match_TIM3_Voie4) for Enable_Fct_IT_Compare_Match_TIM3_Voie4
    timer_1234.o(.text.Active_IT_Compare_Timer) refers to timer_1234.o(.bss.Ptr_TIM4_Voie1) for Ptr_TIM4_Voie1
    timer_1234.o(.text.Active_IT_Compare_Timer) refers to timer_1234.o(.bss.Enable_Fct_IT_Compare_Match_TIM4_Voie1) for Enable_Fct_IT_Compare_Match_TIM4_Voie1
    timer_1234.o(.text.Active_IT_Compare_Timer) refers to timer_1234.o(.bss.Ptr_TIM4_Voie2) for Ptr_TIM4_Voie2
    timer_1234.o(.text.Active_IT_Compare_Timer) refers to timer_1234.o(.bss.Enable_Fct_IT_Compare_Match_TIM4_Voie2) for Enable_Fct_IT_Compare_Match_TIM4_Voie2
    timer_1234.o(.text.Active_IT_Compare_Timer) refers to timer_1234.o(.bss.Ptr_TIM4_Voie3) for Ptr_TIM4_Voie3
    timer_1234.o(.text.Active_IT_Compare_Timer) refers to timer_1234.o(.bss.Enable_Fct_IT_Compare_Match_TIM4_Voie3) for Enable_Fct_IT_Compare_Match_TIM4_Voie3
    timer_1234.o(.text.Active_IT_Compare_Timer) refers to timer_1234.o(.bss.Ptr_TIM4_Voie4) for Ptr_TIM4_Voie4
    timer_1234.o(.text.Active_IT_Compare_Timer) refers to timer_1234.o(.bss.Enable_Fct_IT_Compare_Match_TIM4_Voie4) for Enable_Fct_IT_Compare_Match_TIM4_Voie4
    timer_1234.o(.ARM.exidx.text.Active_IT_Compare_Timer) refers to timer_1234.o(.text.Active_IT_Compare_Timer) for [Anonymous Symbol]
    timer_1234.o(.text.PWM_Init) refers to f2d.o(.text) for __aeabi_f2d
    timer_1234.o(.text.PWM_Init) refers to ddiv.o(.text) for __aeabi_ddiv
    timer_1234.o(.text.PWM_Init) refers to d2f.o(.text) for __aeabi_d2f
    timer_1234.o(.text.PWM_Init) refers to timer_1234.o(.text.Timer_1234_Init) for Timer_1234_Init
    timer_1234.o(.ARM.exidx.text.PWM_Init) refers to timer_1234.o(.text.PWM_Init) for [Anonymous Symbol]
    timer_1234.o(.ARM.exidx.text.PWM_Complementaire_Timer1) refers to timer_1234.o(.text.PWM_Complementaire_Timer1) for [Anonymous Symbol]
    timer_1234.o(.ARM.exidx.text.Timer_Inc_Init) refers to timer_1234.o(.text.Timer_Inc_Init) for [Anonymous Symbol]
    timer_1234.o(.text.Capture_Init) refers to clock_f103.o(.text.Clock_F103_getTimerCLK) for Clock_F103_getTimerCLK
    timer_1234.o(.text.Capture_Init) refers to f2d.o(.text) for __aeabi_f2d
    timer_1234.o(.text.Capture_Init) refers to dmul.o(.text) for __aeabi_dmul
    timer_1234.o(.text.Capture_Init) refers to ffltui.o(.text) for __aeabi_ui2f
    timer_1234.o(.text.Capture_Init) refers to ddiv.o(.text) for __aeabi_ddiv
    timer_1234.o(.text.Capture_Init) refers to d2f.o(.text) for __aeabi_d2f
    timer_1234.o(.text.Capture_Init) refers to fmul.o(.text) for __aeabi_fmul
    timer_1234.o(.text.Capture_Init) refers to dcmpge.o(.text) for __aeabi_dcmpge
    timer_1234.o(.text.Capture_Init) refers to dcmple.o(.text) for __aeabi_dcmple
    timer_1234.o(.text.Capture_Init) refers to ffixi.o(.text) for __aeabi_f2iz
    timer_1234.o(.text.Capture_Init) refers to fflti.o(.text) for __aeabi_i2f
    timer_1234.o(.ARM.exidx.text.Capture_Init) refers to timer_1234.o(.text.Capture_Init) for [Anonymous Symbol]
    timer_1234.o(.text.TIM1_CC_IRQHandler) refers to timer_1234.o(.bss.Enable_Fct_IT_Compare_Match_TIM1_Voie1) for Enable_Fct_IT_Compare_Match_TIM1_Voie1
    timer_1234.o(.text.TIM1_CC_IRQHandler) refers to timer_1234.o(.bss.Ptr_TIM1_Voie1) for Ptr_TIM1_Voie1
    timer_1234.o(.text.TIM1_CC_IRQHandler) refers to timer_1234.o(.bss.Date_T1) for Date_T1
    timer_1234.o(.text.TIM1_CC_IRQHandler) refers to timer_1234.o(.bss.Duree_Pulse_T1) for Duree_Pulse_T1
    timer_1234.o(.text.TIM1_CC_IRQHandler) refers to timer_1234.o(.bss.Enable_Fct_IT_Compare_Match_TIM1_Voie2) for Enable_Fct_IT_Compare_Match_TIM1_Voie2
    timer_1234.o(.text.TIM1_CC_IRQHandler) refers to timer_1234.o(.bss.Ptr_TIM1_Voie2) for Ptr_TIM1_Voie2
    timer_1234.o(.text.TIM1_CC_IRQHandler) refers to timer_1234.o(.bss.Enable_Fct_IT_Compare_Match_TIM1_Voie3) for Enable_Fct_IT_Compare_Match_TIM1_Voie3
    timer_1234.o(.text.TIM1_CC_IRQHandler) refers to timer_1234.o(.bss.Ptr_TIM1_Voie3) for Ptr_TIM1_Voie3
    timer_1234.o(.text.TIM1_CC_IRQHandler) refers to timer_1234.o(.bss.Enable_Fct_IT_Compare_Match_TIM1_Voie4) for Enable_Fct_IT_Compare_Match_TIM1_Voie4
    timer_1234.o(.text.TIM1_CC_IRQHandler) refers to timer_1234.o(.bss.Ptr_TIM1_Voie4) for Ptr_TIM1_Voie4
    timer_1234.o(.ARM.exidx.text.TIM1_CC_IRQHandler) refers to timer_1234.o(.text.TIM1_CC_IRQHandler) for [Anonymous Symbol]
    timer_1234.o(.text.TIM1_UP_IRQHandler) refers to timer_1234.o(.bss.Ptr_TIM1) for Ptr_TIM1
    timer_1234.o(.ARM.exidx.text.TIM1_UP_IRQHandler) refers to timer_1234.o(.text.TIM1_UP_IRQHandler) for [Anonymous Symbol]
    timer_1234.o(.text.TIM2_IRQHandler) refers to timer_1234.o(.bss.Ptr_TIM2) for Ptr_TIM2
    timer_1234.o(.text.TIM2_IRQHandler) refers to timer_1234.o(.bss.Enable_Fct_IT_Compare_Match_TIM2_Voie1) for Enable_Fct_IT_Compare_Match_TIM2_Voie1
    timer_1234.o(.text.TIM2_IRQHandler) refers to timer_1234.o(.bss.Ptr_TIM2_Voie1) for Ptr_TIM2_Voie1
    timer_1234.o(.text.TIM2_IRQHandler) refers to timer_1234.o(.bss.Date_T2) for Date_T2
    timer_1234.o(.text.TIM2_IRQHandler) refers to timer_1234.o(.bss.Duree_Pulse_T2) for Duree_Pulse_T2
    timer_1234.o(.text.TIM2_IRQHandler) refers to timer_1234.o(.bss.Enable_Fct_IT_Compare_Match_TIM2_Voie2) for Enable_Fct_IT_Compare_Match_TIM2_Voie2
    timer_1234.o(.text.TIM2_IRQHandler) refers to timer_1234.o(.bss.Ptr_TIM2_Voie2) for Ptr_TIM2_Voie2
    timer_1234.o(.text.TIM2_IRQHandler) refers to timer_1234.o(.bss.Enable_Fct_IT_Compare_Match_TIM2_Voie3) for Enable_Fct_IT_Compare_Match_TIM2_Voie3
    timer_1234.o(.text.TIM2_IRQHandler) refers to timer_1234.o(.bss.Ptr_TIM2_Voie3) for Ptr_TIM2_Voie3
    timer_1234.o(.text.TIM2_IRQHandler) refers to timer_1234.o(.bss.Enable_Fct_IT_Compare_Match_TIM2_Voie4) for Enable_Fct_IT_Compare_Match_TIM2_Voie4
    timer_1234.o(.text.TIM2_IRQHandler) refers to timer_1234.o(.bss.Ptr_TIM2_Voie4) for Ptr_TIM2_Voie4
    timer_1234.o(.ARM.exidx.text.TIM2_IRQHandler) refers to timer_1234.o(.text.TIM2_IRQHandler) for [Anonymous Symbol]
    timer_1234.o(.text.TIM3_IRQHandler) refers to timer_1234.o(.bss.Ptr_TIM3) for Ptr_TIM3
    timer_1234.o(.text.TIM3_IRQHandler) refers to timer_1234.o(.bss.Enable_Fct_IT_Compare_Match_TIM3_Voie1) for Enable_Fct_IT_Compare_Match_TIM3_Voie1
    timer_1234.o(.text.TIM3_IRQHandler) refers to timer_1234.o(.bss.Ptr_TIM3_Voie1) for Ptr_TIM3_Voie1
    timer_1234.o(.text.TIM3_IRQHandler) refers to timer_1234.o(.bss.Date_T3) for Date_T3
    timer_1234.o(.text.TIM3_IRQHandler) refers to timer_1234.o(.bss.Duree_Pulse_T3) for Duree_Pulse_T3
    timer_1234.o(.text.TIM3_IRQHandler) refers to timer_1234.o(.bss.Enable_Fct_IT_Compare_Match_TIM3_Voie2) for Enable_Fct_IT_Compare_Match_TIM3_Voie2
    timer_1234.o(.text.TIM3_IRQHandler) refers to timer_1234.o(.bss.Ptr_TIM3_Voie2) for Ptr_TIM3_Voie2
    timer_1234.o(.text.TIM3_IRQHandler) refers to timer_1234.o(.bss.Enable_Fct_IT_Compare_Match_TIM3_Voie3) for Enable_Fct_IT_Compare_Match_TIM3_Voie3
    timer_1234.o(.text.TIM3_IRQHandler) refers to timer_1234.o(.bss.Ptr_TIM3_Voie3) for Ptr_TIM3_Voie3
    timer_1234.o(.text.TIM3_IRQHandler) refers to timer_1234.o(.bss.Enable_Fct_IT_Compare_Match_TIM3_Voie4) for Enable_Fct_IT_Compare_Match_TIM3_Voie4
    timer_1234.o(.text.TIM3_IRQHandler) refers to timer_1234.o(.bss.Ptr_TIM3_Voie4) for Ptr_TIM3_Voie4
    timer_1234.o(.ARM.exidx.text.TIM3_IRQHandler) refers to timer_1234.o(.text.TIM3_IRQHandler) for [Anonymous Symbol]
    timer_1234.o(.text.TIM4_IRQHandler) refers to timer_1234.o(.bss.Ptr_TIM4) for Ptr_TIM4
    timer_1234.o(.text.TIM4_IRQHandler) refers to timer_1234.o(.bss.Enable_Fct_IT_Compare_Match_TIM4_Voie1) for Enable_Fct_IT_Compare_Match_TIM4_Voie1
    timer_1234.o(.text.TIM4_IRQHandler) refers to timer_1234.o(.bss.Ptr_TIM4_Voie1) for Ptr_TIM4_Voie1
    timer_1234.o(.text.TIM4_IRQHandler) refers to timer_1234.o(.bss.Date_T4) for Date_T4
    timer_1234.o(.text.TIM4_IRQHandler) refers to timer_1234.o(.bss.Duree_Pulse_T4) for Duree_Pulse_T4
    timer_1234.o(.text.TIM4_IRQHandler) refers to timer_1234.o(.bss.Enable_Fct_IT_Compare_Match_TIM4_Voie2) for Enable_Fct_IT_Compare_Match_TIM4_Voie2
    timer_1234.o(.text.TIM4_IRQHandler) refers to timer_1234.o(.bss.Ptr_TIM4_Voie2) for Ptr_TIM4_Voie2
    timer_1234.o(.text.TIM4_IRQHandler) refers to timer_1234.o(.bss.Enable_Fct_IT_Compare_Match_TIM4_Voie3) for Enable_Fct_IT_Compare_Match_TIM4_Voie3
    timer_1234.o(.text.TIM4_IRQHandler) refers to timer_1234.o(.bss.Ptr_TIM4_Voie3) for Ptr_TIM4_Voie3
    timer_1234.o(.text.TIM4_IRQHandler) refers to timer_1234.o(.bss.Enable_Fct_IT_Compare_Match_TIM4_Voie4) for Enable_Fct_IT_Compare_Match_TIM4_Voie4
    timer_1234.o(.text.TIM4_IRQHandler) refers to timer_1234.o(.bss.Ptr_TIM4_Voie4) for Ptr_TIM4_Voie4
    timer_1234.o(.ARM.exidx.text.TIM4_IRQHandler) refers to timer_1234.o(.text.TIM4_IRQHandler) for [Anonymous Symbol]
    timer_1234.o(.text.Lire_Duree_Pulse) refers to timer_1234.o(.bss.Duree_Pulse_T1) for Duree_Pulse_T1
    timer_1234.o(.text.Lire_Duree_Pulse) refers to timer_1234.o(.bss.Duree_Pulse_T2) for Duree_Pulse_T2
    timer_1234.o(.text.Lire_Duree_Pulse) refers to timer_1234.o(.bss.Duree_Pulse_T3) for Duree_Pulse_T3
    timer_1234.o(.text.Lire_Duree_Pulse) refers to timer_1234.o(.bss.Duree_Pulse_T4) for Duree_Pulse_T4
    timer_1234.o(.ARM.exidx.text.Lire_Duree_Pulse) refers to timer_1234.o(.text.Lire_Duree_Pulse) for [Anonymous Symbol]
    entry.o(.ARM.Collect$$$$00000000) refers (Special) to entry10a.o(.ARM.Collect$$$$0000000D) for __rt_final_cpp
    entry.o(.ARM.Collect$$$$00000000) refers (Special) to entry11a.o(.ARM.Collect$$$$0000000F) for __rt_final_exit
    entry.o(.ARM.Collect$$$$00000000) refers (Special) to entry7b.o(.ARM.Collect$$$$00000008) for _main_clock
    entry.o(.ARM.Collect$$$$00000000) refers (Special) to entry8b.o(.ARM.Collect$$$$0000000A) for _main_cpp_init
    entry.o(.ARM.Collect$$$$00000000) refers (Special) to entry9a.o(.ARM.Collect$$$$0000000B) for _main_init
    entry.o(.ARM.Collect$$$$00000000) refers (Special) to entry5.o(.ARM.Collect$$$$00000004) for _main_scatterload
    entry.o(.ARM.Collect$$$$00000000) refers (Special) to entry2.o(.ARM.Collect$$$$00000001) for _main_stk
    fadd.o(.text) refers (Special) to iusefp.o(.text) for __I$use$fp
    fadd.o(.text) refers to fepilogue.o(.text) for _float_epilogue
    fmul.o(.text) refers (Special) to iusefp.o(.text) for __I$use$fp
    fdiv.o(.text) refers (Special) to iusefp.o(.text) for __I$use$fp
    fdiv.o(.text) refers to fepilogue.o(.text) for _float_round
    dadd.o(.text) refers (Special) to iusefp.o(.text) for __I$use$fp
    dadd.o(.text) refers to llshl.o(.text) for __aeabi_llsl
    dadd.o(.text) refers to llsshr.o(.text) for __aeabi_lasr
    dadd.o(.text) refers to depilogue.o(.text) for _double_epilogue
    dmul.o(.text) refers (Special) to iusefp.o(.text) for __I$use$fp
    dmul.o(.text) refers to depilogue.o(.text) for _double_epilogue
    ddiv.o(.text) refers (Special) to iusefp.o(.text) for __I$use$fp
    ddiv.o(.text) refers to depilogue.o(.text) for _double_round
    fcmpge.o(.text) refers (Special) to iusefp.o(.text) for __I$use$fp
    dcmple.o(.text) refers (Special) to iusefp.o(.text) for __I$use$fp
    dcmpge.o(.text) refers (Special) to iusefp.o(.text) for __I$use$fp
    dcmpgt.o(.text) refers (Special) to iusefp.o(.text) for __I$use$fp
    fflti.o(.text) refers (Special) to iusefp.o(.text) for __I$use$fp
    fflti.o(.text) refers to fepilogue.o(.text) for _float_epilogue
    ffltui.o(.text) refers (Special) to iusefp.o(.text) for __I$use$fp
    ffltui.o(.text) refers to fepilogue.o(.text) for _float_epilogue
    dflti.o(.text) refers (Special) to iusefp.o(.text) for __I$use$fp
    dflti.o(.text) refers to depilogue.o(.text) for _double_epilogue
    dfltui.o(.text) refers (Special) to iusefp.o(.text) for __I$use$fp
    dfltui.o(.text) refers to depilogue.o(.text) for _double_epilogue
    ffixi.o(.text) refers (Special) to iusefp.o(.text) for __I$use$fp
    dfixi.o(.text) refers (Special) to iusefp.o(.text) for __I$use$fp
    dfixi.o(.text) refers to llushr.o(.text) for __aeabi_llsr
    f2d.o(.text) refers (Special) to iusefp.o(.text) for __I$use$fp
    d2f.o(.text) refers (Special) to iusefp.o(.text) for __I$use$fp
    d2f.o(.text) refers to fepilogue.o(.text) for _float_round
    entry2.o(.ARM.Collect$$$$00000001) refers to entry2.o(.ARM.Collect$$$$00002712) for __lit__00000000
    entry2.o(.ARM.Collect$$$$00002712) refers to startup_stm32f10x_md.o(STACK) for __initial_sp
    entry2.o(__vectab_stack_and_reset_area) refers to startup_stm32f10x_md.o(STACK) for __initial_sp
    entry2.o(__vectab_stack_and_reset_area) refers to entry.o(.ARM.Collect$$$$00000000) for __main
    entry5.o(.ARM.Collect$$$$00000004) refers to init.o(.text) for __scatterload
    entry9a.o(.ARM.Collect$$$$0000000B) refers to principal.o(.text.main) for main
    entry9b.o(.ARM.Collect$$$$0000000C) refers to principal.o(.text.main) for main
    fepilogue.o(.text) refers (Special) to iusefp.o(.text) for __I$use$fp
    depilogue.o(.text) refers (Special) to iusefp.o(.text) for __I$use$fp
    depilogue.o(.text) refers to llshl.o(.text) for __aeabi_llsl
    depilogue.o(.text) refers to llushr.o(.text) for __aeabi_llsr
    init.o(.text) refers to entry5.o(.ARM.Collect$$$$00000004) for __main_after_scatterload


==============================================================================

Removing Unused input sections from the image.

    Removing principal.o(.text), (0 bytes).
    Removing principal.o(.ARM.exidx.text.main), (8 bytes).
    Removing principal.o(.ARM.exidx.text.LCD_ClearTopLine), (8 bytes).
    Removing principal.o(.ARM.exidx.text.LCD_ClearDownLine), (8 bytes).
    Removing principal.o(.ARM.exidx.text.IT_Principale), (8 bytes).
    Removing principal.o(.bss.MessageLCD), (50 bytes).
    Removing principal.o(.ARM.use_no_argv), (4 bytes).
    Removing timemanagement.o(.text), (0 bytes).
    Removing timemanagement.o(.ARM.exidx.text.Time_Init), (8 bytes).
    Removing timemanagement.o(.ARM.exidx.text.__NVIC_SetPriority), (8 bytes).
    Removing timemanagement.o(.ARM.exidx.text.__NVIC_EnableIRQ), (8 bytes).
    Removing timemanagement.o(.ARM.exidx.text.SystickGet), (8 bytes).
    Removing timemanagement.o(.ARM.exidx.text.SysTick_Handler), (8 bytes).
    Removing timemanagement.o(.text.Time_ChronoStart), (44 bytes).
    Removing timemanagement.o(.ARM.exidx.text.Time_ChronoStart), (8 bytes).
    Removing timemanagement.o(.text.Time_IsTimeOut), (60 bytes).
    Removing timemanagement.o(.ARM.exidx.text.Time_IsTimeOut), (8 bytes).
    Removing timemanagement.o(.ARM.exidx.text.Time_Delay_x_ms), (8 bytes).
    Removing timemanagement.o(.bss.Time_TimeOutDate), (24 bytes).
    Removing stringfct_2024.o(.text), (0 bytes).
    Removing stringfct_2024.o(.text.ConvQuartetToAscii), (48 bytes).
    Removing stringfct_2024.o(.ARM.exidx.text.ConvQuartetToAscii), (8 bytes).
    Removing stringfct_2024.o(.text.StringFct_Int2Str_99), (68 bytes).
    Removing stringfct_2024.o(.ARM.exidx.text.StringFct_Int2Str_99), (8 bytes).
    Removing stringfct_2024.o(.text.StringFct_Int2Str), (198 bytes).
    Removing stringfct_2024.o(.ARM.exidx.text.StringFct_Int2Str), (8 bytes).
    Removing stringfct_2024.o(.text.StringFct_Float2Str), (416 bytes).
    Removing stringfct_2024.o(.ARM.exidx.text.StringFct_Float2Str), (8 bytes).
    Removing stringfct_2024.o(.text.StringFct_Str2Float), (336 bytes).
    Removing stringfct_2024.o(.ARM.exidx.text.StringFct_Str2Float), (8 bytes).
    Removing lcd_balance.o(.text), (0 bytes).
    Removing lcd_balance.o(.ARM.exidx.text.lcd_write_4bit), (8 bytes).
    Removing lcd_balance.o(.ARM.exidx.text.delay), (8 bytes).
    Removing lcd_balance.o(.ARM.exidx.text.lcd_write_cmd), (8 bytes).
    Removing lcd_balance.o(.ARM.exidx.text.wait_while_busy), (8 bytes).
    Removing lcd_balance.o(.ARM.exidx.text.lcd_putchar), (8 bytes).
    Removing lcd_balance.o(.ARM.exidx.text.lcd_write_data), (8 bytes).
    Removing lcd_balance.o(.ARM.exidx.text.lcd_Init), (8 bytes).
    Removing lcd_balance.o(.ARM.exidx.text.lcd_Set_cursor), (8 bytes).
    Removing lcd_balance.o(.ARM.exidx.text.lcd_Print), (8 bytes).
    Removing lcd_balance.o(.ARM.exidx.text.lcd_Clear), (8 bytes).
    Removing lcd_balance.o(.text.lcd_ClearLineUp), (24 bytes).
    Removing lcd_balance.o(.ARM.exidx.text.lcd_ClearLineUp), (8 bytes).
    Removing lcd_balance.o(.text.lcd_ClearLineDown), (24 bytes).
    Removing lcd_balance.o(.ARM.exidx.text.lcd_ClearLineDown), (8 bytes).
    Removing lcd_balance.o(.text.lcd_bargraph), (96 bytes).
    Removing lcd_balance.o(.ARM.exidx.text.lcd_bargraph), (8 bytes).
    Removing lcd_balance.o(.text.lcd_bargraphXY), (100 bytes).
    Removing lcd_balance.o(.ARM.exidx.text.lcd_bargraphXY), (8 bytes).
    Removing lcd_balance.o(.ARM.exidx.text.lcd_read_status), (8 bytes).
    Removing lcd_balance.o(.rodata.str1.1), (35 bytes).
    Removing toolbox_nrj_uc_interface.o(.text), (0 bytes).
    Removing toolbox_nrj_uc_interface.o(.ARM.exidx.text.Conf_Generale_IO_Carte), (8 bytes).
    Removing toolbox_nrj_uc_interface.o(.ARM.exidx.text.Conf_IT_Principale_TIM), (8 bytes).
    Removing toolbox_nrj_uc_interface.o(.ARM.exidx.text.Conf_ADC), (8 bytes).
    Removing toolbox_nrj_uc_interface.o(.ARM.exidx.text.Read_Cons), (8 bytes).
    Removing toolbox_nrj_uc_interface.o(.ARM.exidx.text.ToolBoxADC_Read), (8 bytes).
    Removing toolbox_nrj_uc_interface.o(.ARM.exidx.text.Read_I), (8 bytes).
    Removing toolbox_nrj_uc_interface.o(.ARM.exidx.text.Read_Ref), (8 bytes).
    Removing toolbox_nrj_uc_interface.o(.ARM.exidx.text.Triangle), (8 bytes).
    Removing toolbox_nrj_uc_interface.o(.ARM.exidx.text.Desactive_Voie_PWM), (8 bytes).
    Removing toolbox_nrj_uc_interface.o(.ARM.exidx.text.R_Cyc_1), (8 bytes).
    Removing toolbox_nrj_uc_interface.o(.ARM.exidx.text.R_Cyc_2), (8 bytes).
    Removing toolbox_nrj_uc_interface.o(.text.UpRamp), (236 bytes).
    Removing toolbox_nrj_uc_interface.o(.ARM.exidx.text.UpRamp), (8 bytes).
    Removing toolbox_nrj_uc_interface.o(.ARM.exidx.text.Active_Voie_PWM), (8 bytes).
    Removing toolbox_nrj_uc_interface.o(.ARM.exidx.text.Inv_Voie), (8 bytes).
    Removing toolbox_nrj_uc_interface.o(.data.Delta_UpRamp), (4 bytes).
    Removing toolbox_nrj_uc_interface.o(.bss.Resolution_1), (2 bytes).
    Removing toolbox_nrj_uc_interface.o(.bss.Resolution_2_3), (2 bytes).
    Removing clock_f103.o(.text), (0 bytes).
    Removing clock_f103.o(.ARM.exidx.text.Clock_F103_ConfMainClk64MHz), (8 bytes).
    Removing clock_f103.o(.ARM.exidx.text.Clock_F103_ConfPrivate), (8 bytes).
    Removing clock_f103.o(.text.Clock_F103_ConfMainClk72MHzHSE), (14 bytes).
    Removing clock_f103.o(.ARM.exidx.text.Clock_F103_ConfMainClk72MHzHSE), (8 bytes).
    Removing clock_f103.o(.ARM.exidx.text.Clock_F103_getSYSCLK), (8 bytes).
    Removing clock_f103.o(.ARM.exidx.text.Clock_F103_getTimerCLK), (8 bytes).
    Removing clock_f103.o(.ARM.exidx.text.Clock_F103_getADC_CLK), (8 bytes).
    Removing clock_f103.o(.text.Clock_F103_getHCLK), (100 bytes).
    Removing clock_f103.o(.ARM.exidx.text.Clock_F103_getHCLK), (8 bytes).
    Removing startup_stm32f10x_md.o(HEAP), (512 bytes).
    Removing system_stm32f10x.o(.text), (0 bytes).
    Removing system_stm32f10x.o(.ARM.exidx.text.SystemInit), (8 bytes).
    Removing system_stm32f10x.o(.ARM.exidx.text.SetSysClock), (8 bytes).
    Removing system_stm32f10x.o(.text.SystemCoreClockUpdate), (290 bytes).
    Removing system_stm32f10x.o(.ARM.exidx.text.SystemCoreClockUpdate), (8 bytes).
    Removing system_stm32f10x.o(.ARM.exidx.text.SetSysClockTo72), (8 bytes).
    Removing system_stm32f10x.o(.data.SystemCoreClock), (4 bytes).
    Removing system_stm32f10x.o(.rodata.AHBPrescTable), (16 bytes).
    Removing adc_dma.o(.text), (0 bytes).
    Removing adc_dma.o(.ARM.exidx.text.Init_TimingADC_ActiveADC), (8 bytes).
    Removing adc_dma.o(.ARM.exidx.text.Single_Channel_ADC), (8 bytes).
    Removing adc_dma.o(.text.Init_Conversion_On_Trig_Timer), (258 bytes).
    Removing adc_dma.o(.ARM.exidx.text.Init_Conversion_On_Trig_Timer), (8 bytes).
    Removing adc_dma.o(.text.Init_IT_ADC_EOC), (116 bytes).
    Removing adc_dma.o(.ARM.exidx.text.Init_IT_ADC_EOC), (8 bytes).
    Removing adc_dma.o(.text.ADC_IRQHandler), (100 bytes).
    Removing adc_dma.o(.ARM.exidx.text.ADC_IRQHandler), (8 bytes).
    Removing adc_dma.o(.text.Init_IT_End_Of_DMA1), (68 bytes).
    Removing adc_dma.o(.ARM.exidx.text.Init_IT_End_Of_DMA1), (8 bytes).
    Removing adc_dma.o(.text.DMAChannel1_IRQHandler), (30 bytes).
    Removing adc_dma.o(.ARM.exidx.text.DMAChannel1_IRQHandler), (8 bytes).
    Removing adc_dma.o(.text.Init_ADC1_DMA1), (116 bytes).
    Removing adc_dma.o(.ARM.exidx.text.Init_ADC1_DMA1), (8 bytes).
    Removing adc_dma.o(.text.Start_DMA1), (44 bytes).
    Removing adc_dma.o(.ARM.exidx.text.Start_DMA1), (8 bytes).
    Removing adc_dma.o(.ARM.exidx.text.Wait_On_EOC_ADC), (8 bytes).
    Removing adc_dma.o(.text.Wait_On_End_Of_DMA1), (36 bytes).
    Removing adc_dma.o(.ARM.exidx.text.Wait_On_End_Of_DMA1), (8 bytes).
    Removing adc_dma.o(.text.Init_ADC1_DMA_Mult_Chan), (1016 bytes).
    Removing adc_dma.o(.ARM.exidx.text.Init_ADC1_DMA_Mult_Chan), (8 bytes).
    Removing adc_dma.o(.text.ADC_Lire_DMA), (22 bytes).
    Removing adc_dma.o(.ARM.exidx.text.ADC_Lire_DMA), (8 bytes).
    Removing adc_dma.o(.bss.Ptr_ADC1), (4 bytes).
    Removing adc_dma.o(.bss.Ptr_ADC2), (4 bytes).
    Removing adc_dma.o(.bss.Ptr_DMA1), (4 bytes).
    Removing adc_dma.o(.bss.Tab_Resu_ADC), (32 bytes).
    Removing gpio.o(.text), (0 bytes).
    Removing gpio.o(.ARM.exidx.text.GPIO_Configure), (8 bytes).
    Removing timer_1234.o(.text), (0 bytes).
    Removing timer_1234.o(.ARM.exidx.text.Timer_1234_Init), (8 bytes).
    Removing timer_1234.o(.ARM.exidx.text.Active_IT_Debordement_Timer), (8 bytes).
    Removing timer_1234.o(.text.Active_IT_Compare_Timer), (1102 bytes).
    Removing timer_1234.o(.ARM.exidx.text.Active_IT_Compare_Timer), (8 bytes).
    Removing timer_1234.o(.ARM.exidx.text.PWM_Init), (8 bytes).
    Removing timer_1234.o(.text.PWM_Complementaire_Timer1), (78 bytes).
    Removing timer_1234.o(.ARM.exidx.text.PWM_Complementaire_Timer1), (8 bytes).
    Removing timer_1234.o(.text.Timer_Inc_Init), (322 bytes).
    Removing timer_1234.o(.ARM.exidx.text.Timer_Inc_Init), (8 bytes).
    Removing timer_1234.o(.text.Capture_Init), (866 bytes).
    Removing timer_1234.o(.ARM.exidx.text.Capture_Init), (8 bytes).
    Removing timer_1234.o(.ARM.exidx.text.TIM1_CC_IRQHandler), (8 bytes).
    Removing timer_1234.o(.ARM.exidx.text.TIM1_UP_IRQHandler), (8 bytes).
    Removing timer_1234.o(.ARM.exidx.text.TIM2_IRQHandler), (8 bytes).
    Removing timer_1234.o(.ARM.exidx.text.TIM3_IRQHandler), (8 bytes).
    Removing timer_1234.o(.ARM.exidx.text.TIM4_IRQHandler), (8 bytes).
    Removing timer_1234.o(.text.Lire_Duree_Pulse), (156 bytes).
    Removing timer_1234.o(.ARM.exidx.text.Lire_Duree_Pulse), (8 bytes).
    Removing fcmpge.o(.text), (28 bytes).
    Removing fflti.o(.text), (18 bytes).
    Removing dfixi.o(.text), (62 bytes).

141 unused section(s) (total 7861 bytes) removed from the image.

==============================================================================

Image Symbol Table

    Local Symbols

    Symbol Name                              Value     Ov Type        Size  Object(Section)

    ../clib/microlib/init/entry.s            0x00000000   Number         0  entry.o ABSOLUTE
    ../clib/microlib/init/entry.s            0x00000000   Number         0  entry2.o ABSOLUTE
    ../clib/microlib/init/entry.s            0x00000000   Number         0  entry5.o ABSOLUTE
    ../clib/microlib/init/entry.s            0x00000000   Number         0  entry7a.o ABSOLUTE
    ../clib/microlib/init/entry.s            0x00000000   Number         0  entry7b.o ABSOLUTE
    ../clib/microlib/init/entry.s            0x00000000   Number         0  entry8a.o ABSOLUTE
    ../clib/microlib/init/entry.s            0x00000000   Number         0  entry8b.o ABSOLUTE
    ../clib/microlib/init/entry.s            0x00000000   Number         0  entry9a.o ABSOLUTE
    ../clib/microlib/init/entry.s            0x00000000   Number         0  entry9b.o ABSOLUTE
    ../clib/microlib/init/entry.s            0x00000000   Number         0  entry10a.o ABSOLUTE
    ../clib/microlib/init/entry.s            0x00000000   Number         0  entry10b.o ABSOLUTE
    ../clib/microlib/init/entry.s            0x00000000   Number         0  entry11a.o ABSOLUTE
    ../clib/microlib/init/entry.s            0x00000000   Number         0  entry11b.o ABSOLUTE
    ../clib/microlib/longlong.c              0x00000000   Number         0  llshl.o ABSOLUTE
    ../clib/microlib/longlong.c              0x00000000   Number         0  llushr.o ABSOLUTE
    ../clib/microlib/longlong.c              0x00000000   Number         0  llsshr.o ABSOLUTE
    ../clib/microlib/stubs.s                 0x00000000   Number         0  iusefp.o ABSOLUTE
    ../fplib/microlib/d2f.c                  0x00000000   Number         0  d2f.o ABSOLUTE
    ../fplib/microlib/f2d.c                  0x00000000   Number         0  f2d.o ABSOLUTE
    ../fplib/microlib/fpadd.c                0x00000000   Number         0  fadd.o ABSOLUTE
    ../fplib/microlib/fpadd.c                0x00000000   Number         0  dadd.o ABSOLUTE
    ../fplib/microlib/fpcmp.c                0x00000000   Number         0  fcmpge.o ABSOLUTE
    ../fplib/microlib/fpcmp.c                0x00000000   Number         0  dcmple.o ABSOLUTE
    ../fplib/microlib/fpcmp.c                0x00000000   Number         0  dcmpge.o ABSOLUTE
    ../fplib/microlib/fpcmp.c                0x00000000   Number         0  dcmpgt.o ABSOLUTE
    ../fplib/microlib/fpdiv.c                0x00000000   Number         0  fdiv.o ABSOLUTE
    ../fplib/microlib/fpdiv.c                0x00000000   Number         0  ddiv.o ABSOLUTE
    ../fplib/microlib/fpepilogue.c           0x00000000   Number         0  fepilogue.o ABSOLUTE
    ../fplib/microlib/fpepilogue.c           0x00000000   Number         0  depilogue.o ABSOLUTE
    ../fplib/microlib/fpfix.c                0x00000000   Number         0  ffixi.o ABSOLUTE
    ../fplib/microlib/fpfix.c                0x00000000   Number         0  dfixi.o ABSOLUTE
    ../fplib/microlib/fpflt.c                0x00000000   Number         0  fflti.o ABSOLUTE
    ../fplib/microlib/fpflt.c                0x00000000   Number         0  ffltui.o ABSOLUTE
    ../fplib/microlib/fpflt.c                0x00000000   Number         0  dflti.o ABSOLUTE
    ../fplib/microlib/fpflt.c                0x00000000   Number         0  dfltui.o ABSOLUTE
    ../fplib/microlib/fpmul.c                0x00000000   Number         0  fmul.o ABSOLUTE
    ../fplib/microlib/fpmul.c                0x00000000   Number         0  dmul.o ABSOLUTE
    ADC_DMA.c                                0x00000000   Number         0  adc_dma.o ABSOLUTE
    Clock_F103.c                             0x00000000   Number         0  clock_f103.o ABSOLUTE
    GPIO.c                                   0x00000000   Number         0  gpio.o ABSOLUTE
    LCD_Balance.c                            0x00000000   Number         0  lcd_balance.o ABSOLUTE
    Principal.c                              0x00000000   Number         0  principal.o ABSOLUTE
    RTE/Device/STM32F103RB/startup_stm32f10x_md.s 0x00000000   Number         0  startup_stm32f10x_md.o ABSOLUTE
    StringFct_2024.c                         0x00000000   Number         0  stringfct_2024.o ABSOLUTE
    TimeManagement.c                         0x00000000   Number         0  timemanagement.o ABSOLUTE
    Timer_1234.c                             0x00000000   Number         0  timer_1234.o ABSOLUTE
    ToolBox_NRJ_uC_Interface.c               0x00000000   Number         0  toolbox_nrj_uc_interface.o ABSOLUTE
    dc.s                                     0x00000000   Number         0  dc.o ABSOLUTE
    handlers.s                               0x00000000   Number         0  handlers.o ABSOLUTE
    init.s                                   0x00000000   Number         0  init.o ABSOLUTE
    system_stm32f10x.c                       0x00000000   Number         0  system_stm32f10x.o ABSOLUTE
    RESET                                    0x08000000   Section      236  startup_stm32f10x_md.o(RESET)
    .ARM.Collect$$$$00000000                 0x080000ec   Section        0  entry.o(.ARM.Collect$$$$00000000)
    .ARM.Collect$$$$00000001                 0x080000ec   Section        4  entry2.o(.ARM.Collect$$$$00000001)
    .ARM.Collect$$$$00000004                 0x080000f0   Section        4  entry5.o(.ARM.Collect$$$$00000004)
    .ARM.Collect$$$$00000008                 0x080000f4   Section        0  entry7b.o(.ARM.Collect$$$$00000008)
    .ARM.Collect$$$$0000000A                 0x080000f4   Section        0  entry8b.o(.ARM.Collect$$$$0000000A)
    .ARM.Collect$$$$0000000B                 0x080000f4   Section        8  entry9a.o(.ARM.Collect$$$$0000000B)
    __lit__00000000                          0x080000fc   Data           4  entry2.o(.ARM.Collect$$$$00002712)
    .ARM.Collect$$$$0000000D                 0x080000fc   Section        0  entry10a.o(.ARM.Collect$$$$0000000D)
    .ARM.Collect$$$$0000000F                 0x080000fc   Section        0  entry11a.o(.ARM.Collect$$$$0000000F)
    .ARM.Collect$$$$00002712                 0x080000fc   Section        4  entry2.o(.ARM.Collect$$$$00002712)
    .text                                    0x08000100   Section       36  startup_stm32f10x_md.o(.text)
    .text                                    0x08000124   Section        0  fadd.o(.text)
    .text                                    0x080001d4   Section        0  fmul.o(.text)
    .text                                    0x08000238   Section        0  fdiv.o(.text)
    .text                                    0x080002b4   Section        0  dadd.o(.text)
    .text                                    0x08000402   Section        0  dmul.o(.text)
    .text                                    0x080004e6   Section        0  ddiv.o(.text)
    .text                                    0x080005c4   Section        0  dcmple.o(.text)
    .text                                    0x080005fa   Section        0  dcmpge.o(.text)
    .text                                    0x08000630   Section        0  dcmpgt.o(.text)
    .text                                    0x08000666   Section        0  ffltui.o(.text)
    .text                                    0x08000670   Section        0  dflti.o(.text)
    .text                                    0x08000692   Section        0  dfltui.o(.text)
    .text                                    0x080006ac   Section        0  ffixi.o(.text)
    .text                                    0x080006de   Section        0  f2d.o(.text)
    .text                                    0x08000704   Section        0  d2f.o(.text)
    .text                                    0x0800073c   Section        0  llshl.o(.text)
    .text                                    0x0800075a   Section        0  llushr.o(.text)
    .text                                    0x0800077a   Section        0  llsshr.o(.text)
    .text                                    0x0800079e   Section        0  iusefp.o(.text)
    .text                                    0x0800079e   Section        0  fepilogue.o(.text)
    .text                                    0x0800080c   Section        0  depilogue.o(.text)
    .text                                    0x080008c8   Section       48  init.o(.text)
    [Anonymous Symbol]                       0x080008f8   Section        0  timer_1234.o(.text.Active_IT_Debordement_Timer)
    [Anonymous Symbol]                       0x08000a98   Section        0  toolbox_nrj_uc_interface.o(.text.Active_Voie_PWM)
    [Anonymous Symbol]                       0x08000ad0   Section        0  clock_f103.o(.text.Clock_F103_ConfMainClk64MHz)
    [Anonymous Symbol]                       0x08000ae8   Section        0  clock_f103.o(.text.Clock_F103_ConfPrivate)
    [Anonymous Symbol]                       0x08000da8   Section        0  clock_f103.o(.text.Clock_F103_getADC_CLK)
    [Anonymous Symbol]                       0x08000ec0   Section        0  clock_f103.o(.text.Clock_F103_getSYSCLK)
    [Anonymous Symbol]                       0x08000fbc   Section        0  clock_f103.o(.text.Clock_F103_getTimerCLK)
    [Anonymous Symbol]                       0x080010b0   Section        0  toolbox_nrj_uc_interface.o(.text.Conf_ADC)
    [Anonymous Symbol]                       0x080010d0   Section        0  toolbox_nrj_uc_interface.o(.text.Conf_Generale_IO_Carte)
    [Anonymous Symbol]                       0x08001140   Section        0  toolbox_nrj_uc_interface.o(.text.Conf_IT_Principale_TIM)
    [Anonymous Symbol]                       0x0800116c   Section        0  toolbox_nrj_uc_interface.o(.text.Desactive_Voie_PWM)
    [Anonymous Symbol]                       0x080011a4   Section        0  gpio.o(.text.GPIO_Configure)
    [Anonymous Symbol]                       0x080013b8   Section        0  principal.o(.text.IT_Principale)
    [Anonymous Symbol]                       0x0800164c   Section        0  adc_dma.o(.text.Init_TimingADC_ActiveADC)
    [Anonymous Symbol]                       0x080018dc   Section        0  toolbox_nrj_uc_interface.o(.text.Inv_Voie)
    [Anonymous Symbol]                       0x08001904   Section        0  principal.o(.text.LCD_ClearDownLine)
    [Anonymous Symbol]                       0x0800192c   Section        0  principal.o(.text.LCD_ClearTopLine)
    [Anonymous Symbol]                       0x08001954   Section        0  timer_1234.o(.text.PWM_Init)
    [Anonymous Symbol]                       0x08001aa8   Section        0  toolbox_nrj_uc_interface.o(.text.R_Cyc_1)
    [Anonymous Symbol]                       0x08001b4c   Section        0  toolbox_nrj_uc_interface.o(.text.R_Cyc_2)
    [Anonymous Symbol]                       0x08001bf0   Section        0  toolbox_nrj_uc_interface.o(.text.Read_Cons)
    [Anonymous Symbol]                       0x08001bfc   Section        0  toolbox_nrj_uc_interface.o(.text.Read_I)
    [Anonymous Symbol]                       0x08001c08   Section        0  toolbox_nrj_uc_interface.o(.text.Read_Ref)
    SetSysClock                              0x08001c15   Thumb Code     8  system_stm32f10x.o(.text.SetSysClock)
    [Anonymous Symbol]                       0x08001c14   Section        0  system_stm32f10x.o(.text.SetSysClock)
    SetSysClockTo72                          0x08001c1d   Thumb Code   290  system_stm32f10x.o(.text.SetSysClockTo72)
    [Anonymous Symbol]                       0x08001c1c   Section        0  system_stm32f10x.o(.text.SetSysClockTo72)
    [Anonymous Symbol]                       0x08001d40   Section        0  adc_dma.o(.text.Single_Channel_ADC)
    [Anonymous Symbol]                       0x08001d68   Section        0  timemanagement.o(.text.SysTick_Handler)
    [Anonymous Symbol]                       0x08001d78   Section        0  system_stm32f10x.o(.text.SystemInit)
    [Anonymous Symbol]                       0x08001de0   Section        0  timemanagement.o(.text.SystickGet)
    [Anonymous Symbol]                       0x08001dec   Section        0  timer_1234.o(.text.TIM1_CC_IRQHandler)
    [Anonymous Symbol]                       0x08002068   Section        0  timer_1234.o(.text.TIM1_UP_IRQHandler)
    [Anonymous Symbol]                       0x08002088   Section        0  timer_1234.o(.text.TIM2_IRQHandler)
    [Anonymous Symbol]                       0x0800230c   Section        0  timer_1234.o(.text.TIM3_IRQHandler)
    [Anonymous Symbol]                       0x080025c8   Section        0  timer_1234.o(.text.TIM4_IRQHandler)
    [Anonymous Symbol]                       0x08002884   Section        0  timemanagement.o(.text.Time_Delay_x_ms)
    [Anonymous Symbol]                       0x080028b0   Section        0  timemanagement.o(.text.Time_Init)
    [Anonymous Symbol]                       0x08002910   Section        0  timer_1234.o(.text.Timer_1234_Init)
    [Anonymous Symbol]                       0x08002a94   Section        0  toolbox_nrj_uc_interface.o(.text.ToolBoxADC_Read)
    [Anonymous Symbol]                       0x08002ad0   Section        0  toolbox_nrj_uc_interface.o(.text.Triangle)
    [Anonymous Symbol]                       0x08002bc4   Section        0  adc_dma.o(.text.Wait_On_EOC_ADC)
    __NVIC_EnableIRQ                         0x08002bed   Thumb Code    48  timemanagement.o(.text.__NVIC_EnableIRQ)
    [Anonymous Symbol]                       0x08002bec   Section        0  timemanagement.o(.text.__NVIC_EnableIRQ)
    __NVIC_SetPriority                       0x08002c1d   Thumb Code    66  timemanagement.o(.text.__NVIC_SetPriority)
    [Anonymous Symbol]                       0x08002c1c   Section        0  timemanagement.o(.text.__NVIC_SetPriority)
    delay                                    0x08002c61   Thumb Code    22  lcd_balance.o(.text.delay)
    [Anonymous Symbol]                       0x08002c60   Section        0  lcd_balance.o(.text.delay)
    [Anonymous Symbol]                       0x08002c78   Section        0  lcd_balance.o(.text.lcd_Clear)
    [Anonymous Symbol]                       0x08002c8c   Section        0  lcd_balance.o(.text.lcd_Init)
    [Anonymous Symbol]                       0x08002d58   Section        0  lcd_balance.o(.text.lcd_Print)
    [Anonymous Symbol]                       0x08002da0   Section        0  lcd_balance.o(.text.lcd_Set_cursor)
    [Anonymous Symbol]                       0x08002dd4   Section        0  lcd_balance.o(.text.lcd_putchar)
    lcd_read_status                          0x08002de9   Thumb Code   192  lcd_balance.o(.text.lcd_read_status)
    [Anonymous Symbol]                       0x08002de8   Section        0  lcd_balance.o(.text.lcd_read_status)
    [Anonymous Symbol]                       0x08002ea8   Section        0  lcd_balance.o(.text.lcd_write_4bit)
    [Anonymous Symbol]                       0x08002f10   Section        0  lcd_balance.o(.text.lcd_write_cmd)
    lcd_write_data                           0x08002f45   Thumb Code    50  lcd_balance.o(.text.lcd_write_data)
    [Anonymous Symbol]                       0x08002f44   Section        0  lcd_balance.o(.text.lcd_write_data)
    [Anonymous Symbol]                       0x08002f78   Section        0  principal.o(.text.main)
    wait_while_busy                          0x08003021   Thumb Code    36  lcd_balance.o(.text.wait_while_busy)
    [Anonymous Symbol]                       0x08003020   Section        0  lcd_balance.o(.text.wait_while_busy)
    i.__scatterload_copy                     0x08003044   Section       14  handlers.o(i.__scatterload_copy)
    i.__scatterload_null                     0x08003052   Section        2  handlers.o(i.__scatterload_null)
    i.__scatterload_zeroinit                 0x08003054   Section       14  handlers.o(i.__scatterload_zeroinit)
    .L.str.2                                 0x080030e4   Data          17  principal.o(.rodata.str1.1)
    [Anonymous Symbol]                       0x080030e4   Section        0  principal.o(.rodata.str1.1)
    .L.str                                   0x080030f5   Data          14  principal.o(.rodata.str1.1)
    .L.str.1                                 0x08003103   Data          13  principal.o(.rodata.str1.1)
    VirtualReso                              0x20000004   Data           4  toolbox_nrj_uc_interface.o(.data.VirtualReso)
    [Anonymous Symbol]                       0x20000004   Section        0  toolbox_nrj_uc_interface.o(.data.VirtualReso)
    Date_T1                                  0x20000014   Data           8  timer_1234.o(.bss.Date_T1)
    Date_T2                                  0x2000001c   Data           8  timer_1234.o(.bss.Date_T2)
    Date_T3                                  0x20000024   Data           8  timer_1234.o(.bss.Date_T3)
    Date_T4                                  0x2000002c   Data           8  timer_1234.o(.bss.Date_T4)
    Delta_PWM                                0x20000034   Data           4  toolbox_nrj_uc_interface.o(.bss.Delta_PWM)
    [Anonymous Symbol]                       0x20000034   Section        0  toolbox_nrj_uc_interface.o(.bss.Delta_PWM)
    Duree_Pulse_T1                           0x20000038   Data           8  timer_1234.o(.bss.Duree_Pulse_T1)
    Duree_Pulse_T2                           0x20000040   Data           8  timer_1234.o(.bss.Duree_Pulse_T2)
    Duree_Pulse_T3                           0x20000048   Data           8  timer_1234.o(.bss.Duree_Pulse_T3)
    Duree_Pulse_T4                           0x20000050   Data           8  timer_1234.o(.bss.Duree_Pulse_T4)
    Ptr_TIM1                                 0x20000068   Data           4  timer_1234.o(.bss.Ptr_TIM1)
    Ptr_TIM1_Voie1                           0x2000006c   Data           4  timer_1234.o(.bss.Ptr_TIM1_Voie1)
    Ptr_TIM1_Voie2                           0x20000070   Data           4  timer_1234.o(.bss.Ptr_TIM1_Voie2)
    Ptr_TIM1_Voie3                           0x20000074   Data           4  timer_1234.o(.bss.Ptr_TIM1_Voie3)
    Ptr_TIM1_Voie4                           0x20000078   Data           4  timer_1234.o(.bss.Ptr_TIM1_Voie4)
    Ptr_TIM2                                 0x2000007c   Data           4  timer_1234.o(.bss.Ptr_TIM2)
    Ptr_TIM2_Voie1                           0x20000080   Data           4  timer_1234.o(.bss.Ptr_TIM2_Voie1)
    Ptr_TIM2_Voie2                           0x20000084   Data           4  timer_1234.o(.bss.Ptr_TIM2_Voie2)
    Ptr_TIM2_Voie3                           0x20000088   Data           4  timer_1234.o(.bss.Ptr_TIM2_Voie3)
    Ptr_TIM2_Voie4                           0x2000008c   Data           4  timer_1234.o(.bss.Ptr_TIM2_Voie4)
    Ptr_TIM3                                 0x20000090   Data           4  timer_1234.o(.bss.Ptr_TIM3)
    Ptr_TIM3_Voie1                           0x20000094   Data           4  timer_1234.o(.bss.Ptr_TIM3_Voie1)
    Ptr_TIM3_Voie2                           0x20000098   Data           4  timer_1234.o(.bss.Ptr_TIM3_Voie2)
    Ptr_TIM3_Voie3                           0x2000009c   Data           4  timer_1234.o(.bss.Ptr_TIM3_Voie3)
    Ptr_TIM3_Voie4                           0x200000a0   Data           4  timer_1234.o(.bss.Ptr_TIM3_Voie4)
    Ptr_TIM4                                 0x200000a4   Data           4  timer_1234.o(.bss.Ptr_TIM4)
    Ptr_TIM4_Voie1                           0x200000a8   Data           4  timer_1234.o(.bss.Ptr_TIM4_Voie1)
    Ptr_TIM4_Voie2                           0x200000ac   Data           4  timer_1234.o(.bss.Ptr_TIM4_Voie2)
    Ptr_TIM4_Voie3                           0x200000b0   Data           4  timer_1234.o(.bss.Ptr_TIM4_Voie3)
    Ptr_TIM4_Voie4                           0x200000b4   Data           4  timer_1234.o(.bss.Ptr_TIM4_Voie4)
    STACK                                    0x200000e8   Section     1024  startup_stm32f10x_md.o(STACK)

    Global Symbols

    Symbol Name                              Value     Ov Type        Size  Object(Section)

    BuildAttributes$$THM_ISAv4$P$D$K$B$S$PE$A:L22UL41UL21$X:L11$S22US41US21$IEEE1$IW$~IW$USESV6$~STKCKD$USESV7$~SHL$OTIME$ROPI$EBA8$MICROLIB$REQ8$PRES8$EABIv2 0x00000000   Number         0  anon$$obj.o ABSOLUTE
    __cpp_initialize__aeabi_                  - Undefined Weak Reference
    __cxa_finalize                            - Undefined Weak Reference
    __decompress                              - Undefined Weak Reference
    _clock_init                               - Undefined Weak Reference
    _microlib_exit                            - Undefined Weak Reference
    __Vectors_Size                           0x000000ec   Number         0  startup_stm32f10x_md.o ABSOLUTE
    __Vectors                                0x08000000   Data           4  startup_stm32f10x_md.o(RESET)
    __Vectors_End                            0x080000ec   Data           0  startup_stm32f10x_md.o(RESET)
    __main                                   0x080000ed   Thumb Code     0  entry.o(.ARM.Collect$$$$00000000)
    _main_stk                                0x080000ed   Thumb Code     0  entry2.o(.ARM.Collect$$$$00000001)
    _main_scatterload                        0x080000f1   Thumb Code     0  entry5.o(.ARM.Collect$$$$00000004)
    __main_after_scatterload                 0x080000f5   Thumb Code     0  entry5.o(.ARM.Collect$$$$00000004)
    _main_clock                              0x080000f5   Thumb Code     0  entry7b.o(.ARM.Collect$$$$00000008)
    _main_cpp_init                           0x080000f5   Thumb Code     0  entry8b.o(.ARM.Collect$$$$0000000A)
    _main_init                               0x080000f5   Thumb Code     0  entry9a.o(.ARM.Collect$$$$0000000B)
    __rt_final_cpp                           0x080000fd   Thumb Code     0  entry10a.o(.ARM.Collect$$$$0000000D)
    __rt_final_exit                          0x080000fd   Thumb Code     0  entry11a.o(.ARM.Collect$$$$0000000F)
    Reset_Handler                            0x08000101   Thumb Code     8  startup_stm32f10x_md.o(.text)
    NMI_Handler                              0x08000109   Thumb Code     2  startup_stm32f10x_md.o(.text)
    HardFault_Handler                        0x0800010b   Thumb Code     2  startup_stm32f10x_md.o(.text)
    MemManage_Handler                        0x0800010d   Thumb Code     2  startup_stm32f10x_md.o(.text)
    BusFault_Handler                         0x0800010f   Thumb Code     2  startup_stm32f10x_md.o(.text)
    UsageFault_Handler                       0x08000111   Thumb Code     2  startup_stm32f10x_md.o(.text)
    SVC_Handler                              0x08000113   Thumb Code     2  startup_stm32f10x_md.o(.text)
    DebugMon_Handler                         0x08000115   Thumb Code     2  startup_stm32f10x_md.o(.text)
    PendSV_Handler                           0x08000117   Thumb Code     2  startup_stm32f10x_md.o(.text)
    ADC1_2_IRQHandler                        0x0800011b   Thumb Code     0  startup_stm32f10x_md.o(.text)
    CAN1_RX1_IRQHandler                      0x0800011b   Thumb Code     0  startup_stm32f10x_md.o(.text)
    CAN1_SCE_IRQHandler                      0x0800011b   Thumb Code     0  startup_stm32f10x_md.o(.text)
    DMA1_Channel1_IRQHandler                 0x0800011b   Thumb Code     0  startup_stm32f10x_md.o(.text)
    DMA1_Channel2_IRQHandler                 0x0800011b   Thumb Code     0  startup_stm32f10x_md.o(.text)
    DMA1_Channel3_IRQHandler                 0x0800011b   Thumb Code     0  startup_stm32f10x_md.o(.text)
    DMA1_Channel4_IRQHandler                 0x0800011b   Thumb Code     0  startup_stm32f10x_md.o(.text)
    DMA1_Channel5_IRQHandler                 0x0800011b   Thumb Code     0  startup_stm32f10x_md.o(.text)
    DMA1_Channel6_IRQHandler                 0x0800011b   Thumb Code     0  startup_stm32f10x_md.o(.text)
    DMA1_Channel7_IRQHandler                 0x0800011b   Thumb Code     0  startup_stm32f10x_md.o(.text)
    EXTI0_IRQHandler                         0x0800011b   Thumb Code     0  startup_stm32f10x_md.o(.text)
    EXTI15_10_IRQHandler                     0x0800011b   Thumb Code     0  startup_stm32f10x_md.o(.text)
    EXTI1_IRQHandler                         0x0800011b   Thumb Code     0  startup_stm32f10x_md.o(.text)
    EXTI2_IRQHandler                         0x0800011b   Thumb Code     0  startup_stm32f10x_md.o(.text)
    EXTI3_IRQHandler                         0x0800011b   Thumb Code     0  startup_stm32f10x_md.o(.text)
    EXTI4_IRQHandler                         0x0800011b   Thumb Code     0  startup_stm32f10x_md.o(.text)
    EXTI9_5_IRQHandler                       0x0800011b   Thumb Code     0  startup_stm32f10x_md.o(.text)
    FLASH_IRQHandler                         0x0800011b   Thumb Code     0  startup_stm32f10x_md.o(.text)
    I2C1_ER_IRQHandler                       0x0800011b   Thumb Code     0  startup_stm32f10x_md.o(.text)
    I2C1_EV_IRQHandler                       0x0800011b   Thumb Code     0  startup_stm32f10x_md.o(.text)
    I2C2_ER_IRQHandler                       0x0800011b   Thumb Code     0  startup_stm32f10x_md.o(.text)
    I2C2_EV_IRQHandler                       0x0800011b   Thumb Code     0  startup_stm32f10x_md.o(.text)
    PVD_IRQHandler                           0x0800011b   Thumb Code     0  startup_stm32f10x_md.o(.text)
    RCC_IRQHandler                           0x0800011b   Thumb Code     0  startup_stm32f10x_md.o(.text)
    RTCAlarm_IRQHandler                      0x0800011b   Thumb Code     0  startup_stm32f10x_md.o(.text)
    RTC_IRQHandler                           0x0800011b   Thumb Code     0  startup_stm32f10x_md.o(.text)
    SPI1_IRQHandler                          0x0800011b   Thumb Code     0  startup_stm32f10x_md.o(.text)
    SPI2_IRQHandler                          0x0800011b   Thumb Code     0  startup_stm32f10x_md.o(.text)
    TAMPER_IRQHandler                        0x0800011b   Thumb Code     0  startup_stm32f10x_md.o(.text)
    TIM1_BRK_IRQHandler                      0x0800011b   Thumb Code     0  startup_stm32f10x_md.o(.text)
    TIM1_TRG_COM_IRQHandler                  0x0800011b   Thumb Code     0  startup_stm32f10x_md.o(.text)
    USART1_IRQHandler                        0x0800011b   Thumb Code     0  startup_stm32f10x_md.o(.text)
    USART2_IRQHandler                        0x0800011b   Thumb Code     0  startup_stm32f10x_md.o(.text)
    USART3_IRQHandler                        0x0800011b   Thumb Code     0  startup_stm32f10x_md.o(.text)
    USBWakeUp_IRQHandler                     0x0800011b   Thumb Code     0  startup_stm32f10x_md.o(.text)
    USB_HP_CAN1_TX_IRQHandler                0x0800011b   Thumb Code     0  startup_stm32f10x_md.o(.text)
    USB_LP_CAN1_RX0_IRQHandler               0x0800011b   Thumb Code     0  startup_stm32f10x_md.o(.text)
    WWDG_IRQHandler                          0x0800011b   Thumb Code     0  startup_stm32f10x_md.o(.text)
    __aeabi_fadd                             0x08000125   Thumb Code   164  fadd.o(.text)
    __aeabi_fsub                             0x080001c9   Thumb Code     6  fadd.o(.text)
    __aeabi_frsub                            0x080001cf   Thumb Code     6  fadd.o(.text)
    __aeabi_fmul                             0x080001d5   Thumb Code   100  fmul.o(.text)
    __aeabi_fdiv                             0x08000239   Thumb Code   124  fdiv.o(.text)
    __aeabi_dadd                             0x080002b5   Thumb Code   322  dadd.o(.text)
    __aeabi_dsub                             0x080003f7   Thumb Code     6  dadd.o(.text)
    __aeabi_drsub                            0x080003fd   Thumb Code     6  dadd.o(.text)
    __aeabi_dmul                             0x08000403   Thumb Code   228  dmul.o(.text)
    __aeabi_ddiv                             0x080004e7   Thumb Code   222  ddiv.o(.text)
    __aeabi_dcmple                           0x080005c5   Thumb Code    54  dcmple.o(.text)
    __aeabi_dcmpge                           0x080005fb   Thumb Code    54  dcmpge.o(.text)
    __aeabi_dcmpgt                           0x08000631   Thumb Code    54  dcmpgt.o(.text)
    __aeabi_ui2f                             0x08000667   Thumb Code    10  ffltui.o(.text)
    __aeabi_i2d                              0x08000671   Thumb Code    34  dflti.o(.text)
    __aeabi_ui2d                             0x08000693   Thumb Code    26  dfltui.o(.text)
    __aeabi_f2iz                             0x080006ad   Thumb Code    50  ffixi.o(.text)
    __aeabi_f2d                              0x080006df   Thumb Code    38  f2d.o(.text)
    __aeabi_d2f                              0x08000705   Thumb Code    56  d2f.o(.text)
    __aeabi_llsl                             0x0800073d   Thumb Code    30  llshl.o(.text)
    _ll_shift_l                              0x0800073d   Thumb Code     0  llshl.o(.text)
    __aeabi_llsr                             0x0800075b   Thumb Code    32  llushr.o(.text)
    _ll_ushift_r                             0x0800075b   Thumb Code     0  llushr.o(.text)
    __aeabi_lasr                             0x0800077b   Thumb Code    36  llsshr.o(.text)
    _ll_sshift_r                             0x0800077b   Thumb Code     0  llsshr.o(.text)
    __I$use$fp                               0x0800079f   Thumb Code     0  iusefp.o(.text)
    _float_round                             0x0800079f   Thumb Code    18  fepilogue.o(.text)
    _float_epilogue                          0x080007b1   Thumb Code    92  fepilogue.o(.text)
    _double_round                            0x0800080d   Thumb Code    30  depilogue.o(.text)
    _double_epilogue                         0x0800082b   Thumb Code   156  depilogue.o(.text)
    __scatterload                            0x080008c9   Thumb Code    38  init.o(.text)
    __scatterload_rt2                        0x080008c9   Thumb Code     0  init.o(.text)
    Active_IT_Debordement_Timer              0x080008f9   Thumb Code   416  timer_1234.o(.text.Active_IT_Debordement_Timer)
    Active_Voie_PWM                          0x08000a99   Thumb Code    56  toolbox_nrj_uc_interface.o(.text.Active_Voie_PWM)
    Clock_F103_ConfMainClk64MHz              0x08000ad1   Thumb Code    24  clock_f103.o(.text.Clock_F103_ConfMainClk64MHz)
    Clock_F103_ConfPrivate                   0x08000ae9   Thumb Code   704  clock_f103.o(.text.Clock_F103_ConfPrivate)
    Clock_F103_getADC_CLK                    0x08000da9   Thumb Code   280  clock_f103.o(.text.Clock_F103_getADC_CLK)
    Clock_F103_getSYSCLK                     0x08000ec1   Thumb Code   252  clock_f103.o(.text.Clock_F103_getSYSCLK)
    Clock_F103_getTimerCLK                   0x08000fbd   Thumb Code   242  clock_f103.o(.text.Clock_F103_getTimerCLK)
    Conf_ADC                                 0x080010b1   Thumb Code    32  toolbox_nrj_uc_interface.o(.text.Conf_ADC)
    Conf_Generale_IO_Carte                   0x080010d1   Thumb Code   110  toolbox_nrj_uc_interface.o(.text.Conf_Generale_IO_Carte)
    Conf_IT_Principale_TIM                   0x08001141   Thumb Code    44  toolbox_nrj_uc_interface.o(.text.Conf_IT_Principale_TIM)
    Desactive_Voie_PWM                       0x0800116d   Thumb Code    56  toolbox_nrj_uc_interface.o(.text.Desactive_Voie_PWM)
    GPIO_Configure                           0x080011a5   Thumb Code   530  gpio.o(.text.GPIO_Configure)
    IT_Principale                            0x080013b9   Thumb Code   660  principal.o(.text.IT_Principale)
    Init_TimingADC_ActiveADC                 0x0800164d   Thumb Code   656  adc_dma.o(.text.Init_TimingADC_ActiveADC)
    Inv_Voie                                 0x080018dd   Thumb Code    40  toolbox_nrj_uc_interface.o(.text.Inv_Voie)
    LCD_ClearDownLine                        0x08001905   Thumb Code    40  principal.o(.text.LCD_ClearDownLine)
    LCD_ClearTopLine                         0x0800192d   Thumb Code    38  principal.o(.text.LCD_ClearTopLine)
    PWM_Init                                 0x08001955   Thumb Code   340  timer_1234.o(.text.PWM_Init)
    R_Cyc_1                                  0x08001aa9   Thumb Code   164  toolbox_nrj_uc_interface.o(.text.R_Cyc_1)
    R_Cyc_2                                  0x08001b4d   Thumb Code   164  toolbox_nrj_uc_interface.o(.text.R_Cyc_2)
    Read_Cons                                0x08001bf1   Thumb Code    10  toolbox_nrj_uc_interface.o(.text.Read_Cons)
    Read_I                                   0x08001bfd   Thumb Code    10  toolbox_nrj_uc_interface.o(.text.Read_I)
    Read_Ref                                 0x08001c09   Thumb Code    10  toolbox_nrj_uc_interface.o(.text.Read_Ref)
    Single_Channel_ADC                       0x08001d41   Thumb Code    38  adc_dma.o(.text.Single_Channel_ADC)
    SysTick_Handler                          0x08001d69   Thumb Code    16  timemanagement.o(.text.SysTick_Handler)
    SystemInit                               0x08001d79   Thumb Code   102  system_stm32f10x.o(.text.SystemInit)
    SystickGet                               0x08001de1   Thumb Code    12  timemanagement.o(.text.SystickGet)
    TIM1_CC_IRQHandler                       0x08001ded   Thumb Code   634  timer_1234.o(.text.TIM1_CC_IRQHandler)
    TIM1_UP_IRQHandler                       0x08002069   Thumb Code    32  timer_1234.o(.text.TIM1_UP_IRQHandler)
    TIM2_IRQHandler                          0x08002089   Thumb Code   644  timer_1234.o(.text.TIM2_IRQHandler)
    TIM3_IRQHandler                          0x0800230d   Thumb Code   698  timer_1234.o(.text.TIM3_IRQHandler)
    TIM4_IRQHandler                          0x080025c9   Thumb Code   698  timer_1234.o(.text.TIM4_IRQHandler)
    Time_Delay_x_ms                          0x08002885   Thumb Code    44  timemanagement.o(.text.Time_Delay_x_ms)
    Time_Init                                0x080028b1   Thumb Code    96  timemanagement.o(.text.Time_Init)
    Timer_1234_Init                          0x08002911   Thumb Code   388  timer_1234.o(.text.Timer_1234_Init)
    ToolBoxADC_Read                          0x08002a95   Thumb Code    60  toolbox_nrj_uc_interface.o(.text.ToolBoxADC_Read)
    Triangle                                 0x08002ad1   Thumb Code   244  toolbox_nrj_uc_interface.o(.text.Triangle)
    Wait_On_EOC_ADC                          0x08002bc5   Thumb Code    40  adc_dma.o(.text.Wait_On_EOC_ADC)
    lcd_Clear                                0x08002c79   Thumb Code    18  lcd_balance.o(.text.lcd_Clear)
    lcd_Init                                 0x08002c8d   Thumb Code   202  lcd_balance.o(.text.lcd_Init)
    lcd_Print                                0x08002d59   Thumb Code    70  lcd_balance.o(.text.lcd_Print)
    lcd_Set_cursor                           0x08002da1   Thumb Code    50  lcd_balance.o(.text.lcd_Set_cursor)
    lcd_putchar                              0x08002dd5   Thumb Code    20  lcd_balance.o(.text.lcd_putchar)
    lcd_write_4bit                           0x08002ea9   Thumb Code   102  lcd_balance.o(.text.lcd_write_4bit)
    lcd_write_cmd                            0x08002f11   Thumb Code    50  lcd_balance.o(.text.lcd_write_cmd)
    main                                     0x08002f79   Thumb Code   166  principal.o(.text.main)
    __scatterload_copy                       0x08003045   Thumb Code    14  handlers.o(i.__scatterload_copy)
    __scatterload_null                       0x08003053   Thumb Code     2  handlers.o(i.__scatterload_null)
    __scatterload_zeroinit                   0x08003055   Thumb Code    14  handlers.o(i.__scatterload_zeroinit)
    SWAP_DATA                                0x08003064   Data          64  lcd_balance.o(.rodata.SWAP_DATA)
    UserFont                                 0x080030a4   Data          64  lcd_balance.o(.rodata.UserFont)
    Region$$Table$$Base                      0x08003110   Number         0  anon$$obj.o(Region$$Table)
    Region$$Table$$Limit                     0x08003130   Number         0  anon$$obj.o(Region$$Table)
    Delta_Triangle                           0x20000000   Data           4  toolbox_nrj_uc_interface.o(.data.Delta_Triangle)
    compt_max                                0x20000008   Data           4  principal.o(.data.compt_max)
    Cpt_1ms                                  0x20000010   Data           4  timemanagement.o(.bss.Cpt_1ms)
    Enable_Fct_IT_Compare_Match_TIM1_Voie1   0x20000058   Data           1  timer_1234.o(.bss.Enable_Fct_IT_Compare_Match_TIM1_Voie1)
    Enable_Fct_IT_Compare_Match_TIM1_Voie2   0x20000059   Data           1  timer_1234.o(.bss.Enable_Fct_IT_Compare_Match_TIM1_Voie2)
    Enable_Fct_IT_Compare_Match_TIM1_Voie3   0x2000005a   Data           1  timer_1234.o(.bss.Enable_Fct_IT_Compare_Match_TIM1_Voie3)
    Enable_Fct_IT_Compare_Match_TIM1_Voie4   0x2000005b   Data           1  timer_1234.o(.bss.Enable_Fct_IT_Compare_Match_TIM1_Voie4)
    Enable_Fct_IT_Compare_Match_TIM2_Voie1   0x2000005c   Data           1  timer_1234.o(.bss.Enable_Fct_IT_Compare_Match_TIM2_Voie1)
    Enable_Fct_IT_Compare_Match_TIM2_Voie2   0x2000005d   Data           1  timer_1234.o(.bss.Enable_Fct_IT_Compare_Match_TIM2_Voie2)
    Enable_Fct_IT_Compare_Match_TIM2_Voie3   0x2000005e   Data           1  timer_1234.o(.bss.Enable_Fct_IT_Compare_Match_TIM2_Voie3)
    Enable_Fct_IT_Compare_Match_TIM2_Voie4   0x2000005f   Data           1  timer_1234.o(.bss.Enable_Fct_IT_Compare_Match_TIM2_Voie4)
    Enable_Fct_IT_Compare_Match_TIM3_Voie1   0x20000060   Data           1  timer_1234.o(.bss.Enable_Fct_IT_Compare_Match_TIM3_Voie1)
    Enable_Fct_IT_Compare_Match_TIM3_Voie2   0x20000061   Data           1  timer_1234.o(.bss.Enable_Fct_IT_Compare_Match_TIM3_Voie2)
    Enable_Fct_IT_Compare_Match_TIM3_Voie3   0x20000062   Data           1  timer_1234.o(.bss.Enable_Fct_IT_Compare_Match_TIM3_Voie3)
    Enable_Fct_IT_Compare_Match_TIM3_Voie4   0x20000063   Data           1  timer_1234.o(.bss.Enable_Fct_IT_Compare_Match_TIM3_Voie4)
    Enable_Fct_IT_Compare_Match_TIM4_Voie1   0x20000064   Data           1  timer_1234.o(.bss.Enable_Fct_IT_Compare_Match_TIM4_Voie1)
    Enable_Fct_IT_Compare_Match_TIM4_Voie2   0x20000065   Data           1  timer_1234.o(.bss.Enable_Fct_IT_Compare_Match_TIM4_Voie2)
    Enable_Fct_IT_Compare_Match_TIM4_Voie3   0x20000066   Data           1  timer_1234.o(.bss.Enable_Fct_IT_Compare_Match_TIM4_Voie3)
    Enable_Fct_IT_Compare_Match_TIM4_Voie4   0x20000067   Data           1  timer_1234.o(.bss.Enable_Fct_IT_Compare_Match_TIM4_Voie4)
    Resolution                               0x200000b8   Data           2  toolbox_nrj_uc_interface.o(.bss.Resolution)
    alpha                                    0x200000bc   Data           4  principal.o(.bss.alpha)
    compt                                    0x200000c0   Data           4  principal.o(.bss.compt)
    cons                                     0x200000c4   Data           4  principal.o(.bss.cons)
    erreur_act                               0x200000c8   Data           4  principal.o(.bss.erreur_act)
    erreur_mem                               0x200000cc   Data           4  principal.o(.bss.erreur_mem)
    i                                        0x200000d0   Data           4  principal.o(.bss.i)
    sigma_act                                0x200000d4   Data           4  principal.o(.bss.sigma_act)
    sigma_mem                                0x200000d8   Data           4  principal.o(.bss.sigma_mem)
    ucons                                    0x200000dc   Data           4  principal.o(.bss.ucons)
    ui                                       0x200000e0   Data           4  principal.o(.bss.ui)
    uref                                     0x200000e4   Data           4  principal.o(.bss.uref)
    __initial_sp                             0x200004e8   Data           0  startup_stm32f10x_md.o(STACK)



==============================================================================

Memory Map of the image

  Image Entry point : 0x080000ed

  Load Region LR_IROM1 (Base: 0x08000000, Size: 0x00003140, Max: 0x00020000, ABSOLUTE)

    Execution Region ER_IROM1 (Exec base: 0x08000000, Load base: 0x08000000, Size: 0x00003130, Max: 0x00020000, ABSOLUTE)

    Exec Addr    Load Addr    Size         Type   Attr      Idx    E Section Name        Object

    0x08000000   0x08000000   0x000000ec   Data   RO          178    RESET               startup_stm32f10x_md.o
    0x080000ec   0x080000ec   0x00000000   Code   RO          310  * .ARM.Collect$$$$00000000  mc_w.l(entry.o)
    0x080000ec   0x080000ec   0x00000004   Code   RO          349    .ARM.Collect$$$$00000001  mc_w.l(entry2.o)
    0x080000f0   0x080000f0   0x00000004   Code   RO          352    .ARM.Collect$$$$00000004  mc_w.l(entry5.o)
    0x080000f4   0x080000f4   0x00000000   Code   RO          354    .ARM.Collect$$$$00000008  mc_w.l(entry7b.o)
    0x080000f4   0x080000f4   0x00000000   Code   RO          356    .ARM.Collect$$$$0000000A  mc_w.l(entry8b.o)
    0x080000f4   0x080000f4   0x00000008   Code   RO          357    .ARM.Collect$$$$0000000B  mc_w.l(entry9a.o)
    0x080000fc   0x080000fc   0x00000000   Code   RO          359    .ARM.Collect$$$$0000000D  mc_w.l(entry10a.o)
    0x080000fc   0x080000fc   0x00000000   Code   RO          361    .ARM.Collect$$$$0000000F  mc_w.l(entry11a.o)
    0x080000fc   0x080000fc   0x00000004   Code   RO          350    .ARM.Collect$$$$00002712  mc_w.l(entry2.o)
    0x08000100   0x08000100   0x00000024   Code   RO          179    .text               startup_stm32f10x_md.o
    0x08000124   0x08000124   0x000000b0   Code   RO          313    .text               mf_w.l(fadd.o)
    0x080001d4   0x080001d4   0x00000064   Code   RO          315    .text               mf_w.l(fmul.o)
    0x08000238   0x08000238   0x0000007c   Code   RO          317    .text               mf_w.l(fdiv.o)
    0x080002b4   0x080002b4   0x0000014e   Code   RO          319    .text               mf_w.l(dadd.o)
    0x08000402   0x08000402   0x000000e4   Code   RO          321    .text               mf_w.l(dmul.o)
    0x080004e6   0x080004e6   0x000000de   Code   RO          323    .text               mf_w.l(ddiv.o)
    0x080005c4   0x080005c4   0x00000036   Code   RO          327    .text               mf_w.l(dcmple.o)
    0x080005fa   0x080005fa   0x00000036   Code   RO          329    .text               mf_w.l(dcmpge.o)
    0x08000630   0x08000630   0x00000036   Code   RO          331    .text               mf_w.l(dcmpgt.o)
    0x08000666   0x08000666   0x0000000a   Code   RO          335    .text               mf_w.l(ffltui.o)
    0x08000670   0x08000670   0x00000022   Code   RO          337    .text               mf_w.l(dflti.o)
    0x08000692   0x08000692   0x0000001a   Code   RO          339    .text               mf_w.l(dfltui.o)
    0x080006ac   0x080006ac   0x00000032   Code   RO          341    .text               mf_w.l(ffixi.o)
    0x080006de   0x080006de   0x00000026   Code   RO          345    .text               mf_w.l(f2d.o)
    0x08000704   0x08000704   0x00000038   Code   RO          347    .text               mf_w.l(d2f.o)
    0x0800073c   0x0800073c   0x0000001e   Code   RO          363    .text               mc_w.l(llshl.o)
    0x0800075a   0x0800075a   0x00000020   Code   RO          365    .text               mc_w.l(llushr.o)
    0x0800077a   0x0800077a   0x00000024   Code   RO          367    .text               mc_w.l(llsshr.o)
    0x0800079e   0x0800079e   0x00000000   Code   RO          369    .text               mc_w.l(iusefp.o)
    0x0800079e   0x0800079e   0x0000006e   Code   RO          370    .text               mf_w.l(fepilogue.o)
    0x0800080c   0x0800080c   0x000000ba   Code   RO          372    .text               mf_w.l(depilogue.o)
    0x080008c6   0x080008c6   0x00000002   PAD
    0x080008c8   0x080008c8   0x00000030   Code   RO          374    .text               mc_w.l(init.o)
    0x080008f8   0x080008f8   0x000001a0   Code   RO          241    .text.Active_IT_Debordement_Timer  Lib_IO_ITExt_ADC_TIM_2024a.lib(timer_1234.o)
    0x08000a98   0x08000a98   0x00000038   Code   RO          138    .text.Active_Voie_PWM  toolbox_nrj_uc_interface.o
    0x08000ad0   0x08000ad0   0x00000018   Code   RO          156    .text.Clock_F103_ConfMainClk64MHz  clock_f103.o
    0x08000ae8   0x08000ae8   0x000002c0   Code   RO          158    .text.Clock_F103_ConfPrivate  clock_f103.o
    0x08000da8   0x08000da8   0x00000118   Code   RO          166    .text.Clock_F103_getADC_CLK  clock_f103.o
    0x08000ec0   0x08000ec0   0x000000fc   Code   RO          162    .text.Clock_F103_getSYSCLK  clock_f103.o
    0x08000fbc   0x08000fbc   0x000000f2   Code   RO          164    .text.Clock_F103_getTimerCLK  clock_f103.o
    0x080010ae   0x080010ae   0x00000002   PAD
    0x080010b0   0x080010b0   0x00000020   Code   RO          118    .text.Conf_ADC      toolbox_nrj_uc_interface.o
    0x080010d0   0x080010d0   0x0000006e   Code   RO          114    .text.Conf_Generale_IO_Carte  toolbox_nrj_uc_interface.o
    0x0800113e   0x0800113e   0x00000002   PAD
    0x08001140   0x08001140   0x0000002c   Code   RO          116    .text.Conf_IT_Principale_TIM  toolbox_nrj_uc_interface.o
    0x0800116c   0x0800116c   0x00000038   Code   RO          130    .text.Desactive_Voie_PWM  toolbox_nrj_uc_interface.o
    0x080011a4   0x080011a4   0x00000212   Code   RO          235    .text.GPIO_Configure  Lib_IO_ITExt_ADC_TIM_2024a.lib(gpio.o)
    0x080013b6   0x080013b6   0x00000002   PAD
    0x080013b8   0x080013b8   0x00000294   Code   RO            8    .text.IT_Principale  principal.o
    0x0800164c   0x0800164c   0x00000290   Code   RO          203    .text.Init_TimingADC_ActiveADC  Lib_IO_ITExt_ADC_TIM_2024a.lib(adc_dma.o)
    0x080018dc   0x080018dc   0x00000028   Code   RO          140    .text.Inv_Voie      toolbox_nrj_uc_interface.o
    0x08001904   0x08001904   0x00000028   Code   RO            6    .text.LCD_ClearDownLine  principal.o
    0x0800192c   0x0800192c   0x00000026   Code   RO            4    .text.LCD_ClearTopLine  principal.o
    0x08001952   0x08001952   0x00000002   PAD
    0x08001954   0x08001954   0x00000154   Code   RO          245    .text.PWM_Init      Lib_IO_ITExt_ADC_TIM_2024a.lib(timer_1234.o)
    0x08001aa8   0x08001aa8   0x000000a4   Code   RO          132    .text.R_Cyc_1       toolbox_nrj_uc_interface.o
    0x08001b4c   0x08001b4c   0x000000a4   Code   RO          134    .text.R_Cyc_2       toolbox_nrj_uc_interface.o
    0x08001bf0   0x08001bf0   0x0000000a   Code   RO          120    .text.Read_Cons     toolbox_nrj_uc_interface.o
    0x08001bfa   0x08001bfa   0x00000002   PAD
    0x08001bfc   0x08001bfc   0x0000000a   Code   RO          124    .text.Read_I        toolbox_nrj_uc_interface.o
    0x08001c06   0x08001c06   0x00000002   PAD
    0x08001c08   0x08001c08   0x0000000a   Code   RO          126    .text.Read_Ref      toolbox_nrj_uc_interface.o
    0x08001c12   0x08001c12   0x00000002   PAD
    0x08001c14   0x08001c14   0x00000008   Code   RO          188    .text.SetSysClock   system_stm32f10x.o
    0x08001c1c   0x08001c1c   0x00000122   Code   RO          192    .text.SetSysClockTo72  system_stm32f10x.o
    0x08001d3e   0x08001d3e   0x00000002   PAD
    0x08001d40   0x08001d40   0x00000026   Code   RO          205    .text.Single_Channel_ADC  Lib_IO_ITExt_ADC_TIM_2024a.lib(adc_dma.o)
    0x08001d66   0x08001d66   0x00000002   PAD
    0x08001d68   0x08001d68   0x00000010   Code   RO           40    .text.SysTick_Handler  timemanagement.o
    0x08001d78   0x08001d78   0x00000066   Code   RO          186    .text.SystemInit    system_stm32f10x.o
    0x08001dde   0x08001dde   0x00000002   PAD
    0x08001de0   0x08001de0   0x0000000c   Code   RO           38    .text.SystickGet    timemanagement.o
    0x08001dec   0x08001dec   0x0000027a   Code   RO          253    .text.TIM1_CC_IRQHandler  Lib_IO_ITExt_ADC_TIM_2024a.lib(timer_1234.o)
    0x08002066   0x08002066   0x00000002   PAD
    0x08002068   0x08002068   0x00000020   Code   RO          255    .text.TIM1_UP_IRQHandler  Lib_IO_ITExt_ADC_TIM_2024a.lib(timer_1234.o)
    0x08002088   0x08002088   0x00000284   Code   RO          257    .text.TIM2_IRQHandler  Lib_IO_ITExt_ADC_TIM_2024a.lib(timer_1234.o)
    0x0800230c   0x0800230c   0x000002ba   Code   RO          259    .text.TIM3_IRQHandler  Lib_IO_ITExt_ADC_TIM_2024a.lib(timer_1234.o)
    0x080025c6   0x080025c6   0x00000002   PAD
    0x080025c8   0x080025c8   0x000002ba   Code   RO          261    .text.TIM4_IRQHandler  Lib_IO_ITExt_ADC_TIM_2024a.lib(timer_1234.o)
    0x08002882   0x08002882   0x00000002   PAD
    0x08002884   0x08002884   0x0000002c   Code   RO           46    .text.Time_Delay_x_ms  timemanagement.o
    0x080028b0   0x080028b0   0x00000060   Code   RO           32    .text.Time_Init     timemanagement.o
    0x08002910   0x08002910   0x00000184   Code   RO          239    .text.Timer_1234_Init  Lib_IO_ITExt_ADC_TIM_2024a.lib(timer_1234.o)
    0x08002a94   0x08002a94   0x0000003c   Code   RO          122    .text.ToolBoxADC_Read  toolbox_nrj_uc_interface.o
    0x08002ad0   0x08002ad0   0x000000f4   Code   RO          128    .text.Triangle      toolbox_nrj_uc_interface.o
    0x08002bc4   0x08002bc4   0x00000028   Code   RO          221    .text.Wait_On_EOC_ADC  Lib_IO_ITExt_ADC_TIM_2024a.lib(adc_dma.o)
    0x08002bec   0x08002bec   0x00000030   Code   RO           36    .text.__NVIC_EnableIRQ  timemanagement.o
    0x08002c1c   0x08002c1c   0x00000042   Code   RO           34    .text.__NVIC_SetPriority  timemanagement.o
    0x08002c5e   0x08002c5e   0x00000002   PAD
    0x08002c60   0x08002c60   0x00000016   Code   RO           76    .text.delay         lcd_balance.o
    0x08002c76   0x08002c76   0x00000002   PAD
    0x08002c78   0x08002c78   0x00000012   Code   RO           92    .text.lcd_Clear     lcd_balance.o
    0x08002c8a   0x08002c8a   0x00000002   PAD
    0x08002c8c   0x08002c8c   0x000000ca   Code   RO           86    .text.lcd_Init      lcd_balance.o
    0x08002d56   0x08002d56   0x00000002   PAD
    0x08002d58   0x08002d58   0x00000046   Code   RO           90    .text.lcd_Print     lcd_balance.o
    0x08002d9e   0x08002d9e   0x00000002   PAD
    0x08002da0   0x08002da0   0x00000032   Code   RO           88    .text.lcd_Set_cursor  lcd_balance.o
    0x08002dd2   0x08002dd2   0x00000002   PAD
    0x08002dd4   0x08002dd4   0x00000014   Code   RO           82    .text.lcd_putchar   lcd_balance.o
    0x08002de8   0x08002de8   0x000000c0   Code   RO          102    .text.lcd_read_status  lcd_balance.o
    0x08002ea8   0x08002ea8   0x00000066   Code   RO           74    .text.lcd_write_4bit  lcd_balance.o
    0x08002f0e   0x08002f0e   0x00000002   PAD
    0x08002f10   0x08002f10   0x00000032   Code   RO           78    .text.lcd_write_cmd  lcd_balance.o
    0x08002f42   0x08002f42   0x00000002   PAD
    0x08002f44   0x08002f44   0x00000032   Code   RO           84    .text.lcd_write_data  lcd_balance.o
    0x08002f76   0x08002f76   0x00000002   PAD
    0x08002f78   0x08002f78   0x000000a6   Code   RO            2    .text.main          principal.o
    0x0800301e   0x0800301e   0x00000002   PAD
    0x08003020   0x08003020   0x00000024   Code   RO           80    .text.wait_while_busy  lcd_balance.o
    0x08003044   0x08003044   0x0000000e   Code   RO          378    i.__scatterload_copy  mc_w.l(handlers.o)
    0x08003052   0x08003052   0x00000002   Code   RO          379    i.__scatterload_null  mc_w.l(handlers.o)
    0x08003054   0x08003054   0x0000000e   Code   RO          380    i.__scatterload_zeroinit  mc_w.l(handlers.o)
    0x08003062   0x08003062   0x00000002   PAD
    0x08003064   0x08003064   0x00000040   Data   RO          104    .rodata.SWAP_DATA   lcd_balance.o
    0x080030a4   0x080030a4   0x00000040   Data   RO          105    .rodata.UserFont    lcd_balance.o
    0x080030e4   0x080030e4   0x0000002c   Data   RO           22    .rodata.str1.1      principal.o
    0x08003110   0x08003110   0x00000020   Data   RO          377    Region$$Table       anon$$obj.o


    Execution Region RW_IRAM1 (Exec base: 0x20000000, Load base: 0x08003130, Size: 0x000004e8, Max: 0x00005000, ABSOLUTE)

    Exec Addr    Load Addr    Size         Type   Attr      Idx    E Section Name        Object

    0x20000000   0x08003130   0x00000004   Data   RW          143    .data.Delta_Triangle  toolbox_nrj_uc_interface.o
    0x20000004   0x08003134   0x00000004   Data   RW          146    .data.VirtualReso   toolbox_nrj_uc_interface.o
    0x20000008   0x08003138   0x00000004   Data   RW           21    .data.compt_max     principal.o
    0x2000000c   0x0800313c   0x00000004   PAD
    0x20000010        -       0x00000004   Zero   RW           48    .bss.Cpt_1ms        timemanagement.o
    0x20000014        -       0x00000008   Zero   RW          301    .bss.Date_T1        Lib_IO_ITExt_ADC_TIM_2024a.lib(timer_1234.o)
    0x2000001c        -       0x00000008   Zero   RW          303    .bss.Date_T2        Lib_IO_ITExt_ADC_TIM_2024a.lib(timer_1234.o)
    0x20000024        -       0x00000008   Zero   RW          305    .bss.Date_T3        Lib_IO_ITExt_ADC_TIM_2024a.lib(timer_1234.o)
    0x2000002c        -       0x00000008   Zero   RW          307    .bss.Date_T4        Lib_IO_ITExt_ADC_TIM_2024a.lib(timer_1234.o)
    0x20000034        -       0x00000004   Zero   RW          145    .bss.Delta_PWM      toolbox_nrj_uc_interface.o
    0x20000038        -       0x00000008   Zero   RW          302    .bss.Duree_Pulse_T1  Lib_IO_ITExt_ADC_TIM_2024a.lib(timer_1234.o)
    0x20000040        -       0x00000008   Zero   RW          304    .bss.Duree_Pulse_T2  Lib_IO_ITExt_ADC_TIM_2024a.lib(timer_1234.o)
    0x20000048        -       0x00000008   Zero   RW          306    .bss.Duree_Pulse_T3  Lib_IO_ITExt_ADC_TIM_2024a.lib(timer_1234.o)
    0x20000050        -       0x00000008   Zero   RW          308    .bss.Duree_Pulse_T4  Lib_IO_ITExt_ADC_TIM_2024a.lib(timer_1234.o)
    0x20000058        -       0x00000001   Zero   RW          270    .bss.Enable_Fct_IT_Compare_Match_TIM1_Voie1  Lib_IO_ITExt_ADC_TIM_2024a.lib(timer_1234.o)
    0x20000059        -       0x00000001   Zero   RW          272    .bss.Enable_Fct_IT_Compare_Match_TIM1_Voie2  Lib_IO_ITExt_ADC_TIM_2024a.lib(timer_1234.o)
    0x2000005a        -       0x00000001   Zero   RW          274    .bss.Enable_Fct_IT_Compare_Match_TIM1_Voie3  Lib_IO_ITExt_ADC_TIM_2024a.lib(timer_1234.o)
    0x2000005b        -       0x00000001   Zero   RW          276    .bss.Enable_Fct_IT_Compare_Match_TIM1_Voie4  Lib_IO_ITExt_ADC_TIM_2024a.lib(timer_1234.o)
    0x2000005c        -       0x00000001   Zero   RW          278    .bss.Enable_Fct_IT_Compare_Match_TIM2_Voie1  Lib_IO_ITExt_ADC_TIM_2024a.lib(timer_1234.o)
    0x2000005d        -       0x00000001   Zero   RW          280    .bss.Enable_Fct_IT_Compare_Match_TIM2_Voie2  Lib_IO_ITExt_ADC_TIM_2024a.lib(timer_1234.o)
    0x2000005e        -       0x00000001   Zero   RW          282    .bss.Enable_Fct_IT_Compare_Match_TIM2_Voie3  Lib_IO_ITExt_ADC_TIM_2024a.lib(timer_1234.o)
    0x2000005f        -       0x00000001   Zero   RW          284    .bss.Enable_Fct_IT_Compare_Match_TIM2_Voie4  Lib_IO_ITExt_ADC_TIM_2024a.lib(timer_1234.o)
    0x20000060        -       0x00000001   Zero   RW          286    .bss.Enable_Fct_IT_Compare_Match_TIM3_Voie1  Lib_IO_ITExt_ADC_TIM_2024a.lib(timer_1234.o)
    0x20000061        -       0x00000001   Zero   RW          288    .bss.Enable_Fct_IT_Compare_Match_TIM3_Voie2  Lib_IO_ITExt_ADC_TIM_2024a.lib(timer_1234.o)
    0x20000062        -       0x00000001   Zero   RW          290    .bss.Enable_Fct_IT_Compare_Match_TIM3_Voie3  Lib_IO_ITExt_ADC_TIM_2024a.lib(timer_1234.o)
    0x20000063        -       0x00000001   Zero   RW          292    .bss.Enable_Fct_IT_Compare_Match_TIM3_Voie4  Lib_IO_ITExt_ADC_TIM_2024a.lib(timer_1234.o)
    0x20000064        -       0x00000001   Zero   RW          294    .bss.Enable_Fct_IT_Compare_Match_TIM4_Voie1  Lib_IO_ITExt_ADC_TIM_2024a.lib(timer_1234.o)
    0x20000065        -       0x00000001   Zero   RW          296    .bss.Enable_Fct_IT_Compare_Match_TIM4_Voie2  Lib_IO_ITExt_ADC_TIM_2024a.lib(timer_1234.o)
    0x20000066        -       0x00000001   Zero   RW          298    .bss.Enable_Fct_IT_Compare_Match_TIM4_Voie3  Lib_IO_ITExt_ADC_TIM_2024a.lib(timer_1234.o)
    0x20000067        -       0x00000001   Zero   RW          300    .bss.Enable_Fct_IT_Compare_Match_TIM4_Voie4  Lib_IO_ITExt_ADC_TIM_2024a.lib(timer_1234.o)
    0x20000068        -       0x00000004   Zero   RW          265    .bss.Ptr_TIM1       Lib_IO_ITExt_ADC_TIM_2024a.lib(timer_1234.o)
    0x2000006c        -       0x00000004   Zero   RW          269    .bss.Ptr_TIM1_Voie1  Lib_IO_ITExt_ADC_TIM_2024a.lib(timer_1234.o)
    0x20000070        -       0x00000004   Zero   RW          271    .bss.Ptr_TIM1_Voie2  Lib_IO_ITExt_ADC_TIM_2024a.lib(timer_1234.o)
    0x20000074        -       0x00000004   Zero   RW          273    .bss.Ptr_TIM1_Voie3  Lib_IO_ITExt_ADC_TIM_2024a.lib(timer_1234.o)
    0x20000078        -       0x00000004   Zero   RW          275    .bss.Ptr_TIM1_Voie4  Lib_IO_ITExt_ADC_TIM_2024a.lib(timer_1234.o)
    0x2000007c        -       0x00000004   Zero   RW          266    .bss.Ptr_TIM2       Lib_IO_ITExt_ADC_TIM_2024a.lib(timer_1234.o)
    0x20000080        -       0x00000004   Zero   RW          277    .bss.Ptr_TIM2_Voie1  Lib_IO_ITExt_ADC_TIM_2024a.lib(timer_1234.o)
    0x20000084        -       0x00000004   Zero   RW          279    .bss.Ptr_TIM2_Voie2  Lib_IO_ITExt_ADC_TIM_2024a.lib(timer_1234.o)
    0x20000088        -       0x00000004   Zero   RW          281    .bss.Ptr_TIM2_Voie3  Lib_IO_ITExt_ADC_TIM_2024a.lib(timer_1234.o)
    0x2000008c        -       0x00000004   Zero   RW          283    .bss.Ptr_TIM2_Voie4  Lib_IO_ITExt_ADC_TIM_2024a.lib(timer_1234.o)
    0x20000090        -       0x00000004   Zero   RW          267    .bss.Ptr_TIM3       Lib_IO_ITExt_ADC_TIM_2024a.lib(timer_1234.o)
    0x20000094        -       0x00000004   Zero   RW          285    .bss.Ptr_TIM3_Voie1  Lib_IO_ITExt_ADC_TIM_2024a.lib(timer_1234.o)
    0x20000098        -       0x00000004   Zero   RW          287    .bss.Ptr_TIM3_Voie2  Lib_IO_ITExt_ADC_TIM_2024a.lib(timer_1234.o)
    0x2000009c        -       0x00000004   Zero   RW          289    .bss.Ptr_TIM3_Voie3  Lib_IO_ITExt_ADC_TIM_2024a.lib(timer_1234.o)
    0x200000a0        -       0x00000004   Zero   RW          291    .bss.Ptr_TIM3_Voie4  Lib_IO_ITExt_ADC_TIM_2024a.lib(timer_1234.o)
    0x200000a4        -       0x00000004   Zero   RW          268    .bss.Ptr_TIM4       Lib_IO_ITExt_ADC_TIM_2024a.lib(timer_1234.o)
    0x200000a8        -       0x00000004   Zero   RW          293    .bss.Ptr_TIM4_Voie1  Lib_IO_ITExt_ADC_TIM_2024a.lib(timer_1234.o)
    0x200000ac        -       0x00000004   Zero   RW          295    .bss.Ptr_TIM4_Voie2  Lib_IO_ITExt_ADC_TIM_2024a.lib(timer_1234.o)
    0x200000b0        -       0x00000004   Zero   RW          297    .bss.Ptr_TIM4_Voie3  Lib_IO_ITExt_ADC_TIM_2024a.lib(timer_1234.o)
    0x200000b4        -       0x00000004   Zero   RW          299    .bss.Ptr_TIM4_Voie4  Lib_IO_ITExt_ADC_TIM_2024a.lib(timer_1234.o)
    0x200000b8        -       0x00000002   Zero   RW          144    .bss.Resolution     toolbox_nrj_uc_interface.o
    0x200000ba   0x0800313c   0x00000002   PAD
    0x200000bc        -       0x00000004   Zero   RW           19    .bss.alpha          principal.o
    0x200000c0        -       0x00000004   Zero   RW           20    .bss.compt          principal.o
    0x200000c4        -       0x00000004   Zero   RW           12    .bss.cons           principal.o
    0x200000c8        -       0x00000004   Zero   RW           15    .bss.erreur_act     principal.o
    0x200000cc        -       0x00000004   Zero   RW           16    .bss.erreur_mem     principal.o
    0x200000d0        -       0x00000004   Zero   RW           14    .bss.i              principal.o
    0x200000d4        -       0x00000004   Zero   RW           17    .bss.sigma_act      principal.o
    0x200000d8        -       0x00000004   Zero   RW           18    .bss.sigma_mem      principal.o
    0x200000dc        -       0x00000004   Zero   RW           11    .bss.ucons          principal.o
    0x200000e0        -       0x00000004   Zero   RW           13    .bss.ui             principal.o
    0x200000e4        -       0x00000004   Zero   RW           10    .bss.uref           principal.o
    0x200000e8        -       0x00000400   Zero   RW          176    STACK               startup_stm32f10x_md.o


==============================================================================

Image component sizes


      Code (inc. data)   RO Data    RW Data    ZI Data      Debug   Object Name

      1502          0          0          0          0       4453   clock_f103.o
       812          0        128          0          0       3726   lcd_balance.o
       904          0         44          4         44       2937   principal.o
        36          8        236          0       1024        972   startup_stm32f10x_md.o
       400          0          0          0          0       3131   system_stm32f10x.o
       282          0          0          0          4       4529   timemanagement.o
      1000          0          0          8          6       4554   toolbox_nrj_uc_interface.o

    ----------------------------------------------------------------------
      4972          8        440         12       1084      24302   Object Totals
         0          0         32          0          0          0   (incl. Generated)
        36          0          0          0          6          0   (incl. Padding)

    ----------------------------------------------------------------------

      Code (inc. data)   RO Data    RW Data    ZI Data      Debug   Library Member Name

       734          0          0          0          0        308   adc_dma.o
       530          0          0          0          0         40   gpio.o
      3850          0          0          0        160        324   timer_1234.o
         0          0          0          0          0          0   entry.o
         0          0          0          0          0          0   entry10a.o
         0          0          0          0          0          0   entry11a.o
         8          4          0          0          0          0   entry2.o
         4          0          0          0          0          0   entry5.o
         0          0          0          0          0          0   entry7b.o
         0          0          0          0          0          0   entry8b.o
         8          4          0          0          0          0   entry9a.o
        30          0          0          0          0          0   handlers.o
        48         10          0          0          0         68   init.o
         0          0          0          0          0          0   iusefp.o
        30          0          0          0          0         68   llshl.o
        36          0          0          0          0         68   llsshr.o
        32          0          0          0          0         68   llushr.o
        56          0          0          0          0         88   d2f.o
       334          0          0          0          0        148   dadd.o
        54          0          0          0          0         80   dcmpge.o
        54          0          0          0          0         80   dcmpgt.o
        54          0          0          0          0         80   dcmple.o
       222          0          0          0          0        100   ddiv.o
       186          0          0          0          0        176   depilogue.o
        34          0          0          0          0         76   dflti.o
        26          0          0          0          0         76   dfltui.o
       228          0          0          0          0         96   dmul.o
        38          0          0          0          0         68   f2d.o
       176          0          0          0          0        140   fadd.o
       124          0          0          0          0         88   fdiv.o
       110          0          0          0          0        168   fepilogue.o
        50          0          0          0          0         68   ffixi.o
        10          0          0          0          0         68   ffltui.o
       100          0          0          0          0         76   fmul.o

    ----------------------------------------------------------------------
      7180         18          0          0        160       2620   Library Totals
        14          0          0          0          0          0   (incl. Padding)

    ----------------------------------------------------------------------

      Code (inc. data)   RO Data    RW Data    ZI Data      Debug   Library Name

      5114          0          0          0        160        672   Lib_IO_ITExt_ADC_TIM_2024a.lib
       196         18          0          0          0        272   mc_w.l
      1856          0          0          0          0       1676   mf_w.l

    ----------------------------------------------------------------------
      7180         18          0          0        160       2620   Library Totals

    ----------------------------------------------------------------------

==============================================================================


      Code (inc. data)   RO Data    RW Data    ZI Data      Debug   

     12152         26        440         12       1244      25978   Grand Totals
     12152         26        440         12       1244      25978   ELF Image Totals
     12152         26        440         12          0          0   ROM Totals

==============================================================================

    Total RO  Size (Code + RO Data)                12592 (  12.30kB)
    Total RW  Size (RW Data + ZI Data)              1256 (   1.23kB)
    Total ROM Size (Code + RO Data + RW Data)      12604 (  12.31kB)

==============================================================================

